2026-10-10T14:09:28Z 1062|kevin|s1a-a1-4b-s2|PENDING|0:00|90|N/A;1064|kevin|q2s1a-a1-4b-s2|PENDING|0:00|32|gres:gpu:h100:1;
2026-10-10T14:09:43Z 1062|kevin|s1a-a1-4b-s2|RUNNING|0:14|90|N/A;1064|kevin|q2s1a-a1-4b-s2|RUNNING|0:01|32|gres:gpu:h100:1;
2026-10-10T14:09:58Z 1062|kevin|s1a-a1-4b-s2|RUNNING|0:29|90|N/A;1064|kevin|q2s1a-a1-4b-s2|RUNNING|0:16|32|gres:gpu:h100:1;
2026-10-10T14:10:13Z 1062|kevin|s1a-a1-4b-s2|RUNNING|0:44|90|N/A;1064|kevin|q2s1a-a1-4b-s2|RUNNING|0:31|32|gres:gpu:h100:1;
2026-10-10T14:10:28Z 1062|kevin|s1a-a1-4b-s2|RUNNING|0:59|90|N/A;1064|kevin|q2s1a-a1-4b-s2|RUNNING|0:46|32|gres:gpu:h100:1;
2026-10-10T14:10:43Z 1062|kevin|s1a-a1-4b-s2|RUNNING|1:14|90|N/A;1064|kevin|q2s1a-a1-4b-s2|RUNNING|1:01|32|gres:gpu:h100:1;
2026-10-10T14:10:58Z 1062|kevin|s1a-a1-4b-s2|RUNNING|1:29|90|N/A;1064|kevin|q2s1a-a1-4b-s2|RUNNING|1:16|32|gres:gpu:h100:1;
2026-10-10T14:11:13Z 1062|kevin|s1a-a1-4b-s2|RUNNING|1:44|90|N/A;1064|kevin|q2s1a-a1-4b-s2|RUNNING|1:31|32|gres:gpu:h100:1;
2026-10-10T14:11:28Z 1062|kevin|s1a-a1-4b-s2|RUNNING|1:59|90|N/A;1064|kevin|q2s1a-a1-4b-s2|RUNNING|1:46|32|gres:gpu:h100:1;
2026-10-10T14:11:43Z 1062|kevin|s1a-a1-4b-s2|RUNNING|2:14|90|N/A;1064|kevin|q2s1a-a1-4b-s2|RUNNING|2:01|32|gres:gpu:h100:1;
2026-10-10T14:11:58Z 1062|kevin|s1a-a1-4b-s2|RUNNING|2:29|90|N/A;1064|kevin|q2s1a-a1-4b-s2|RUNNING|2:16|32|gres:gpu:h100:1;
2026-10-10T14:12:13Z 1062|kevin|s1a-a1-4b-s2|RUNNING|2:44|90|N/A;1064|kevin|q2s1a-a1-4b-s2|RUNNING|2:31|32|gres:gpu:h100:1;
2026-10-10T14:12:28Z 1062|kevin|s1a-a1-4b-s2|RUNNING|2:59|90|N/A;1064|kevin|q2s1a-a1-4b-s2|RUNNING|2:46|32|gres:gpu:h100:1;
2026-10-10T14:12:43Z 1062|kevin|s1a-a1-4b-s2|RUNNING|3:14|90|N/A;1064|kevin|q2s1a-a1-4b-s2|RUNNING|3:01|32|gres:gpu:h100:1;
2026-10-10T14:12:58Z 1062|kevin|s1a-a1-4b-s2|RUNNING|3:29|90|N/A;1064|kevin|q2s1a-a1-4b-s2|RUNNING|3:16|32|gres:gpu:h100:1;
2026-10-10T14:13:13Z 1062|kevin|s1a-a1-4b-s2|RUNNING|3:44|90|N/A;1064|kevin|q2s1a-a1-4b-s2|RUNNING|3:31|32|gres:gpu:h100:1;
2026-10-10T14:13:28Z 1062|kevin|s1a-a1-4b-s2|RUNNING|3:59|90|N/A;1064|kevin|q2s1a-a1-4b-s2|RUNNING|3:46|32|gres:gpu:h100:1;
2026-10-10T14:13:43Z 1062|kevin|s1a-a1-4b-s2|RUNNING|4:14|90|N/A;1064|kevin|q2s1a-a1-4b-s2|RUNNING|4:01|32|gres:gpu:h100:1;
2026-10-10T14:13:58Z 1062|kevin|s1a-a1-4b-s2|RUNNING|4:29|90|N/A;1064|kevin|q2s1a-a1-4b-s2|RUNNING|4:16|32|gres:gpu:h100:1;
2026-10-10T14:14:13Z 1062|kevin|s1a-a1-4b-s2|RUNNING|4:44|90|N/A;1064|kevin|q2s1a-a1-4b-s2|RUNNING|4:31|32|gres:gpu:h100:1;
2026-10-10T14:14:28Z 1062|kevin|s1a-a1-4b-s2|RUNNING|4:59|90|N/A;1064|kevin|q2s1a-a1-4b-s2|RUNNING|4:46|32|gres:gpu:h100:1;
2026-10-10T14:14:43Z 1062|kevin|s1a-a1-4b-s2|RUNNING|5:14|90|N/A;1064|kevin|q2s1a-a1-4b-s2|RUNNING|5:01|32|gres:gpu:h100:1;
2026-10-10T14:14:58Z 1062|kevin|s1a-a1-4b-s2|RUNNING|5:29|90|N/A;1064|kevin|q2s1a-a1-4b-s2|RUNNING|5:16|32|gres:gpu:h100:1;
2026-10-10T14:15:13Z 1062|kevin|s1a-a1-4b-s2|RUNNING|5:44|90|N/A;1064|kevin|q2s1a-a1-4b-s2|RUNNING|5:31|32|gres:gpu:h100:1;
2026-10-10T14:15:28Z 1062|kevin|s1a-a1-4b-s2|RUNNING|5:59|90|N/A;1064|kevin|q2s1a-a1-4b-s2|RUNNING|5:46|32|gres:gpu:h100:1;
2026-10-10T14:15:43Z 1062|kevin|s1a-a1-4b-s2|RUNNING|6:14|90|N/A;1064|kevin|q2s1a-a1-4b-s2|RUNNING|6:01|32|gres:gpu:h100:1;
2026-10-10T14:15:58Z 1062|kevin|s1a-a1-4b-s2|RUNNING|6:29|90|N/A;1064|kevin|q2s1a-a1-4b-s2|RUNNING|6:16|32|gres:gpu:h100:1;
2026-10-10T14:16:14Z 1062|kevin|s1a-a1-4b-s2|RUNNING|6:45|90|N/A;1064|kevin|q2s1a-a1-4b-s2|RUNNING|6:32|32|gres:gpu:h100:1;
2026-10-10T14:16:29Z 1062|kevin|s1a-a1-4b-s2|RUNNING|7:00|90|N/A;1064|kevin|q2s1a-a1-4b-s2|RUNNING|6:47|32|gres:gpu:h100:1;
2026-10-10T14:16:44Z 1062|kevin|s1a-a1-4b-s2|RUNNING|7:15|90|N/A;1064|kevin|q2s1a-a1-4b-s2|RUNNING|7:02|32|gres:gpu:h100:1;
2026-10-10T14:16:59Z 1062|kevin|s1a-a1-4b-s2|RUNNING|7:30|90|N/A;1064|kevin|q2s1a-a1-4b-s2|RUNNING|7:17|32|gres:gpu:h100:1;
2026-10-10T14:17:14Z 1062|kevin|s1a-a1-4b-s2|RUNNING|7:45|90|N/A;1064|kevin|q2s1a-a1-4b-s2|RUNNING|7:32|32|gres:gpu:h100:1;
2026-10-10T14:17:29Z 1062|kevin|s1a-a1-4b-s2|RUNNING|8:00|90|N/A;1064|kevin|q2s1a-a1-4b-s2|RUNNING|7:47|32|gres:gpu:h100:1;
2026-10-10T14:17:44Z 1062|kevin|s1a-a1-4b-s2|RUNNING|8:15|90|N/A;1064|kevin|q2s1a-a1-4b-s2|RUNNING|8:02|32|gres:gpu:h100:1;
2026-10-10T14:17:59Z 1062|kevin|s1a-a1-4b-s2|RUNNING|8:30|90|N/A;1064|kevin|q2s1a-a1-4b-s2|RUNNING|8:17|32|gres:gpu:h100:1;
2026-10-10T14:18:14Z 1062|kevin|s1a-a1-4b-s2|RUNNING|8:45|90|N/A;1064|kevin|q2s1a-a1-4b-s2|RUNNING|8:32|32|gres:gpu:h100:1;
2026-10-10T14:18:29Z 1062|kevin|s1a-a1-4b-s2|RUNNING|9:00|90|N/A;1064|kevin|q2s1a-a1-4b-s2|RUNNING|8:47|32|gres:gpu:h100:1;
2026-10-10T14:18:44Z 1062|kevin|s1a-a1-4b-s2|RUNNING|9:15|90|N/A;1064|kevin|q2s1a-a1-4b-s2|RUNNING|9:02|32|gres:gpu:h100:1;
2026-10-10T14:18:59Z 1062|kevin|s1a-a1-4b-s2|RUNNING|9:30|90|N/A;1064|kevin|q2s1a-a1-4b-s2|RUNNING|9:17|32|gres:gpu:h100:1;
2026-10-10T14:19:14Z 1062|kevin|s1a-a1-4b-s2|RUNNING|9:45|90|N/A;1064|kevin|q2s1a-a1-4b-s2|RUNNING|9:32|32|gres:gpu:h100:1;
2026-10-10T14:19:29Z 1062|kevin|s1a-a1-4b-s2|RUNNING|10:00|90|N/A;1064|kevin|q2s1a-a1-4b-s2|RUNNING|9:47|32|gres:gpu:h100:1;
2026-10-10T14:19:44Z 1062|kevin|s1a-a1-4b-s2|RUNNING|10:15|90|N/A;1064|kevin|q2s1a-a1-4b-s2|RUNNING|10:02|32|gres:gpu:h100:1;
2026-10-10T14:19:59Z 1062|kevin|s1a-a1-4b-s2|RUNNING|10:30|90|N/A;1064|kevin|q2s1a-a1-4b-s2|RUNNING|10:17|32|gres:gpu:h100:1;
2026-10-10T14:20:14Z 1062|kevin|s1a-a1-4b-s2|RUNNING|10:45|90|N/A;1064|kevin|q2s1a-a1-4b-s2|RUNNING|10:32|32|gres:gpu:h100:1;
2026-10-10T14:20:29Z 1062|kevin|s1a-a1-4b-s2|RUNNING|11:00|90|N/A;1064|kevin|q2s1a-a1-4b-s2|RUNNING|10:47|32|gres:gpu:h100:1;
2026-10-10T14:20:44Z 1062|kevin|s1a-a1-4b-s2|RUNNING|11:15|90|N/A;1064|kevin|q2s1a-a1-4b-s2|RUNNING|11:02|32|gres:gpu:h100:1;
2026-10-10T14:20:59Z 1062|kevin|s1a-a1-4b-s2|RUNNING|11:30|90|N/A;1064|kevin|q2s1a-a1-4b-s2|RUNNING|11:17|32|gres:gpu:h100:1;
2026-10-10T14:21:14Z 1062|kevin|s1a-a1-4b-s2|RUNNING|11:45|90|N/A;1064|kevin|q2s1a-a1-4b-s2|RUNNING|11:32|32|gres:gpu:h100:1;
2026-10-10T14:21:29Z 1062|kevin|s1a-a1-4b-s2|RUNNING|12:00|90|N/A;1064|kevin|q2s1a-a1-4b-s2|RUNNING|11:47|32|gres:gpu:h100:1;
2026-10-10T14:21:44Z 1062|kevin|s1a-a1-4b-s2|RUNNING|12:15|90|N/A;1064|kevin|q2s1a-a1-4b-s2|RUNNING|12:02|32|gres:gpu:h100:1;
2026-10-10T14:21:59Z 1062|kevin|s1a-a1-4b-s2|RUNNING|12:30|90|N/A;1064|kevin|q2s1a-a1-4b-s2|RUNNING|12:17|32|gres:gpu:h100:1;
2026-10-10T14:22:14Z 1062|kevin|s1a-a1-4b-s2|RUNNING|12:45|90|N/A;1064|kevin|q2s1a-a1-4b-s2|RUNNING|12:32|32|gres:gpu:h100:1;
2026-10-10T14:22:29Z 1062|kevin|s1a-a1-4b-s2|RUNNING|13:00|90|N/A;1064|kevin|q2s1a-a1-4b-s2|RUNNING|12:47|32|gres:gpu:h100:1;
2026-10-10T14:22:44Z 1062|kevin|s1a-a1-4b-s2|RUNNING|13:15|90|N/A;1064|kevin|q2s1a-a1-4b-s2|RUNNING|13:02|32|gres:gpu:h100:1;
2026-10-10T14:22:59Z 1062|kevin|s1a-a1-4b-s2|RUNNING|13:30|90|N/A;1064|kevin|q2s1a-a1-4b-s2|RUNNING|13:17|32|gres:gpu:h100:1;
2026-10-10T14:23:14Z 1062|kevin|s1a-a1-4b-s2|RUNNING|13:45|90|N/A;1064|kevin|q2s1a-a1-4b-s2|RUNNING|13:32|32|gres:gpu:h100:1;
2026-10-10T14:23:29Z 1062|kevin|s1a-a1-4b-s2|RUNNING|14:00|90|N/A;1064|kevin|q2s1a-a1-4b-s2|RUNNING|13:47|32|gres:gpu:h100:1;
2026-10-10T14:23:44Z 1062|kevin|s1a-a1-4b-s2|RUNNING|14:15|90|N/A;1064|kevin|q2s1a-a1-4b-s2|RUNNING|14:02|32|gres:gpu:h100:1;
2026-10-10T14:23:59Z 1062|kevin|s1a-a1-4b-s2|RUNNING|14:30|90|N/A;1064|kevin|q2s1a-a1-4b-s2|RUNNING|14:17|32|gres:gpu:h100:1;
2026-10-10T14:24:14Z 1062|kevin|s1a-a1-4b-s2|RUNNING|14:45|90|N/A;1064|kevin|q2s1a-a1-4b-s2|RUNNING|14:32|32|gres:gpu:h100:1;
2026-10-10T14:24:29Z 1062|kevin|s1a-a1-4b-s2|RUNNING|15:00|90|N/A;1064|kevin|q2s1a-a1-4b-s2|RUNNING|14:47|32|gres:gpu:h100:1;
2026-10-10T14:24:44Z 1062|kevin|s1a-a1-4b-s2|RUNNING|15:15|90|N/A;1064|kevin|q2s1a-a1-4b-s2|RUNNING|15:02|32|gres:gpu:h100:1;
2026-10-10T14:24:59Z 1062|kevin|s1a-a1-4b-s2|RUNNING|15:30|90|N/A;1064|kevin|q2s1a-a1-4b-s2|RUNNING|15:17|32|gres:gpu:h100:1;
2026-10-10T14:25:14Z 1062|kevin|s1a-a1-4b-s2|RUNNING|15:45|90|N/A;1064|kevin|q2s1a-a1-4b-s2|RUNNING|15:32|32|gres:gpu:h100:1;
2026-10-10T14:25:29Z 1062|kevin|s1a-a1-4b-s2|RUNNING|16:00|90|N/A;1064|kevin|q2s1a-a1-4b-s2|RUNNING|15:47|32|gres:gpu:h100:1;
2026-10-10T14:25:44Z 1062|kevin|s1a-a1-4b-s2|RUNNING|16:15|90|N/A;1064|kevin|q2s1a-a1-4b-s2|RUNNING|16:02|32|gres:gpu:h100:1;
2026-10-10T14:25:59Z 1062|kevin|s1a-a1-4b-s2|RUNNING|16:30|90|N/A;1064|kevin|q2s1a-a1-4b-s2|RUNNING|16:17|32|gres:gpu:h100:1;
2026-10-10T14:26:14Z 1062|kevin|s1a-a1-4b-s2|RUNNING|16:45|90|N/A;1064|kevin|q2s1a-a1-4b-s2|RUNNING|16:32|32|gres:gpu:h100:1;
2026-10-10T14:26:29Z 1062|kevin|s1a-a1-4b-s2|RUNNING|17:00|90|N/A;1064|kevin|q2s1a-a1-4b-s2|RUNNING|16:47|32|gres:gpu:h100:1;
2026-10-10T14:26:44Z 1062|kevin|s1a-a1-4b-s2|RUNNING|17:15|90|N/A;1064|kevin|q2s1a-a1-4b-s2|RUNNING|17:02|32|gres:gpu:h100:1;
2026-10-10T14:26:59Z 1062|kevin|s1a-a1-4b-s2|RUNNING|17:31|90|N/A;1064|kevin|q2s1a-a1-4b-s2|RUNNING|17:18|32|gres:gpu:h100:1;
2026-10-10T14:27:15Z 1062|kevin|s1a-a1-4b-s2|RUNNING|17:46|90|N/A;1064|kevin|q2s1a-a1-4b-s2|RUNNING|17:33|32|gres:gpu:h100:1;
2026-10-10T14:27:30Z 1062|kevin|s1a-a1-4b-s2|RUNNING|18:01|90|N/A;1064|kevin|q2s1a-a1-4b-s2|RUNNING|17:48|32|gres:gpu:h100:1;
2026-10-10T14:27:45Z 1062|kevin|s1a-a1-4b-s2|RUNNING|18:16|90|N/A;1064|kevin|q2s1a-a1-4b-s2|RUNNING|18:03|32|gres:gpu:h100:1;
2026-10-10T14:28:00Z 1062|kevin|s1a-a1-4b-s2|RUNNING|18:31|90|N/A;1064|kevin|q2s1a-a1-4b-s2|RUNNING|18:18|32|gres:gpu:h100:1;
2026-10-10T14:28:15Z 1062|kevin|s1a-a1-4b-s2|RUNNING|18:46|90|N/A;1064|kevin|q2s1a-a1-4b-s2|RUNNING|18:33|32|gres:gpu:h100:1;
2026-10-10T14:28:30Z 1062|kevin|s1a-a1-4b-s2|RUNNING|19:01|90|N/A;1064|kevin|q2s1a-a1-4b-s2|RUNNING|18:48|32|gres:gpu:h100:1;
2026-10-10T14:28:45Z 1062|kevin|s1a-a1-4b-s2|RUNNING|19:16|90|N/A;1064|kevin|q2s1a-a1-4b-s2|RUNNING|19:03|32|gres:gpu:h100:1;
2026-10-10T14:29:00Z 1062|kevin|s1a-a1-4b-s2|RUNNING|19:31|90|N/A;1064|kevin|q2s1a-a1-4b-s2|RUNNING|19:18|32|gres:gpu:h100:1;
2026-10-10T14:29:15Z 1062|kevin|s1a-a1-4b-s2|RUNNING|19:46|90|N/A;1064|kevin|q2s1a-a1-4b-s2|RUNNING|19:33|32|gres:gpu:h100:1;
2026-10-10T14:29:30Z 1062|kevin|s1a-a1-4b-s2|RUNNING|20:01|90|N/A;1064|kevin|q2s1a-a1-4b-s2|RUNNING|19:48|32|gres:gpu:h100:1;
2026-10-10T14:29:45Z 1062|kevin|s1a-a1-4b-s2|RUNNING|20:16|90|N/A;1064|kevin|q2s1a-a1-4b-s2|RUNNING|20:03|32|gres:gpu:h100:1;
2026-10-10T14:30:00Z 1062|kevin|s1a-a1-4b-s2|RUNNING|20:31|90|N/A;1064|kevin|q2s1a-a1-4b-s2|RUNNING|20:18|32|gres:gpu:h100:1;
2026-10-10T14:30:15Z 1062|kevin|s1a-a1-4b-s2|RUNNING|20:46|90|N/A;1064|kevin|q2s1a-a1-4b-s2|RUNNING|20:33|32|gres:gpu:h100:1;
2026-10-10T14:30:30Z 1062|kevin|s1a-a1-4b-s2|RUNNING|21:01|90|N/A;1064|kevin|q2s1a-a1-4b-s2|RUNNING|20:48|32|gres:gpu:h100:1;
2026-10-10T14:30:45Z 1062|kevin|s1a-a1-4b-s2|RUNNING|21:16|90|N/A;1064|kevin|q2s1a-a1-4b-s2|RUNNING|21:03|32|gres:gpu:h100:1;
2026-10-10T14:31:00Z 1062|kevin|s1a-a1-4b-s2|RUNNING|21:31|90|N/A;1064|kevin|q2s1a-a1-4b-s2|RUNNING|21:18|32|gres:gpu:h100:1;
2026-10-10T14:31:15Z 1062|kevin|s1a-a1-4b-s2|RUNNING|21:46|90|N/A;1064|kevin|q2s1a-a1-4b-s2|RUNNING|21:33|32|gres:gpu:h100:1;
2026-10-10T14:31:30Z 1062|kevin|s1a-a1-4b-s2|RUNNING|22:01|90|N/A;1064|kevin|q2s1a-a1-4b-s2|RUNNING|21:48|32|gres:gpu:h100:1;
2026-10-10T14:31:45Z 1062|kevin|s1a-a1-4b-s2|RUNNING|22:16|90|N/A;1064|kevin|q2s1a-a1-4b-s2|RUNNING|22:03|32|gres:gpu:h100:1;
2026-10-10T14:32:00Z 1062|kevin|s1a-a1-4b-s2|RUNNING|22:31|90|N/A;1064|kevin|q2s1a-a1-4b-s2|RUNNING|22:18|32|gres:gpu:h100:1;
2026-10-10T14:32:15Z 1062|kevin|s1a-a1-4b-s2|RUNNING|22:46|90|N/A;1064|kevin|q2s1a-a1-4b-s2|RUNNING|22:33|32|gres:gpu:h100:1;
2026-10-10T14:32:30Z 1062|kevin|s1a-a1-4b-s2|RUNNING|23:01|90|N/A;1064|kevin|q2s1a-a1-4b-s2|RUNNING|22:48|32|gres:gpu:h100:1;
2026-10-10T14:32:45Z 1062|kevin|s1a-a1-4b-s2|RUNNING|23:16|90|N/A;1064|kevin|q2s1a-a1-4b-s2|RUNNING|23:03|32|gres:gpu:h100:1;
2026-10-10T14:33:00Z 1062|kevin|s1a-a1-4b-s2|RUNNING|23:31|90|N/A;1064|kevin|q2s1a-a1-4b-s2|RUNNING|23:18|32|gres:gpu:h100:1;
2026-10-10T14:33:15Z 1062|kevin|s1a-a1-4b-s2|RUNNING|23:46|90|N/A;1064|kevin|q2s1a-a1-4b-s2|RUNNING|23:33|32|gres:gpu:h100:1;
2026-10-10T14:33:30Z 1062|kevin|s1a-a1-4b-s2|RUNNING|24:01|90|N/A;1064|kevin|q2s1a-a1-4b-s2|RUNNING|23:48|32|gres:gpu:h100:1;
2026-10-10T14:33:45Z 1062|kevin|s1a-a1-4b-s2|RUNNING|24:16|90|N/A;1064|kevin|q2s1a-a1-4b-s2|RUNNING|24:03|32|gres:gpu:h100:1;
2026-10-10T14:34:00Z 1062|kevin|s1a-a1-4b-s2|RUNNING|24:31|90|N/A;1064|kevin|q2s1a-a1-4b-s2|RUNNING|24:18|32|gres:gpu:h100:1;
2026-10-10T14:34:15Z 1062|kevin|s1a-a1-4b-s2|RUNNING|24:46|90|N/A;1064|kevin|q2s1a-a1-4b-s2|RUNNING|24:33|32|gres:gpu:h100:1;
2026-10-10T14:34:30Z 1062|kevin|s1a-a1-4b-s2|RUNNING|25:01|90|N/A;1064|kevin|q2s1a-a1-4b-s2|RUNNING|24:48|32|gres:gpu:h100:1;
2026-10-10T14:34:45Z 1062|kevin|s1a-a1-4b-s2|RUNNING|25:16|90|N/A;1064|kevin|q2s1a-a1-4b-s2|RUNNING|25:03|32|gres:gpu:h100:1;
2026-10-10T14:35:00Z 1062|kevin|s1a-a1-4b-s2|RUNNING|25:31|90|N/A;1064|kevin|q2s1a-a1-4b-s2|RUNNING|25:18|32|gres:gpu:h100:1;
2026-10-10T14:35:15Z 1062|kevin|s1a-a1-4b-s2|RUNNING|25:46|90|N/A;1064|kevin|q2s1a-a1-4b-s2|RUNNING|25:33|32|gres:gpu:h100:1;
2026-10-10T14:35:30Z 1062|kevin|s1a-a1-4b-s2|RUNNING|26:01|90|N/A;1064|kevin|q2s1a-a1-4b-s2|RUNNING|25:48|32|gres:gpu:h100:1;
2026-10-10T14:35:45Z 1062|kevin|s1a-a1-4b-s2|RUNNING|26:16|90|N/A;1064|kevin|q2s1a-a1-4b-s2|RUNNING|26:03|32|gres:gpu:h100:1;
2026-10-10T14:36:00Z 1062|kevin|s1a-a1-4b-s2|RUNNING|26:31|90|N/A;1064|kevin|q2s1a-a1-4b-s2|RUNNING|26:18|32|gres:gpu:h100:1;
2026-10-10T14:36:15Z 1062|kevin|s1a-a1-4b-s2|RUNNING|26:46|90|N/A;1064|kevin|q2s1a-a1-4b-s2|RUNNING|26:33|32|gres:gpu:h100:1;
2026-10-10T14:36:30Z 1062|kevin|s1a-a1-4b-s2|RUNNING|27:01|90|N/A;1064|kevin|q2s1a-a1-4b-s2|RUNNING|26:48|32|gres:gpu:h100:1;
2026-10-10T14:36:45Z 1062|kevin|s1a-a1-4b-s2|RUNNING|27:16|90|N/A;1064|kevin|q2s1a-a1-4b-s2|RUNNING|27:03|32|gres:gpu:h100:1;
2026-10-10T14:37:00Z 1062|kevin|s1a-a1-4b-s2|RUNNING|27:31|90|N/A;1064|kevin|q2s1a-a1-4b-s2|RUNNING|27:18|32|gres:gpu:h100:1;
2026-10-10T14:37:15Z 1062|kevin|s1a-a1-4b-s2|RUNNING|27:46|90|N/A;1064|kevin|q2s1a-a1-4b-s2|RUNNING|27:33|32|gres:gpu:h100:1;
2026-10-10T14:37:30Z 1062|kevin|s1a-a1-4b-s2|RUNNING|28:01|90|N/A;1064|kevin|q2s1a-a1-4b-s2|RUNNING|27:48|32|gres:gpu:h100:1;
2026-10-10T14:37:45Z 1062|kevin|s1a-a1-4b-s2|RUNNING|28:16|90|N/A;1064|kevin|q2s1a-a1-4b-s2|RUNNING|28:03|32|gres:gpu:h100:1;
2026-10-10T14:38:01Z 1062|kevin|s1a-a1-4b-s2|RUNNING|28:32|90|N/A;1064|kevin|q2s1a-a1-4b-s2|RUNNING|28:19|32|gres:gpu:h100:1;
2026-10-10T14:38:16Z 1062|kevin|s1a-a1-4b-s2|RUNNING|28:47|90|N/A;1064|kevin|q2s1a-a1-4b-s2|RUNNING|28:34|32|gres:gpu:h100:1;
2026-10-10T14:38:31Z 1062|kevin|s1a-a1-4b-s2|RUNNING|29:02|90|N/A;1064|kevin|q2s1a-a1-4b-s2|RUNNING|28:49|32|gres:gpu:h100:1;
2026-10-10T14:38:46Z 1062|kevin|s1a-a1-4b-s2|RUNNING|29:17|90|N/A;1064|kevin|q2s1a-a1-4b-s2|RUNNING|29:04|32|gres:gpu:h100:1;
2026-10-10T14:39:01Z 1062|kevin|s1a-a1-4b-s2|RUNNING|29:32|90|N/A;1064|kevin|q2s1a-a1-4b-s2|RUNNING|29:19|32|gres:gpu:h100:1;
2026-10-10T14:39:16Z 1062|kevin|s1a-a1-4b-s2|RUNNING|29:47|90|N/A;1064|kevin|q2s1a-a1-4b-s2|RUNNING|29:34|32|gres:gpu:h100:1;
2026-10-10T14:39:31Z 1062|kevin|s1a-a1-4b-s2|RUNNING|30:02|90|N/A;1064|kevin|q2s1a-a1-4b-s2|RUNNING|29:49|32|gres:gpu:h100:1;
2026-10-10T14:39:46Z 1062|kevin|s1a-a1-4b-s2|RUNNING|30:17|90|N/A;1064|kevin|q2s1a-a1-4b-s2|RUNNING|30:04|32|gres:gpu:h100:1;
2026-10-10T14:40:01Z 1062|kevin|s1a-a1-4b-s2|RUNNING|30:32|90|N/A;1064|kevin|q2s1a-a1-4b-s2|RUNNING|30:19|32|gres:gpu:h100:1;
2026-10-10T14:40:16Z 1062|kevin|s1a-a1-4b-s2|RUNNING|30:47|90|N/A;1064|kevin|q2s1a-a1-4b-s2|RUNNING|30:34|32|gres:gpu:h100:1;
2026-10-10T14:40:31Z 1062|kevin|s1a-a1-4b-s2|RUNNING|31:02|90|N/A;1064|kevin|q2s1a-a1-4b-s2|RUNNING|30:49|32|gres:gpu:h100:1;
2026-10-10T14:40:46Z 1062|kevin|s1a-a1-4b-s2|RUNNING|31:17|90|N/A;1064|kevin|q2s1a-a1-4b-s2|RUNNING|31:04|32|gres:gpu:h100:1;
2026-10-10T14:41:01Z 1062|kevin|s1a-a1-4b-s2|RUNNING|31:32|90|N/A;1064|kevin|q2s1a-a1-4b-s2|RUNNING|31:19|32|gres:gpu:h100:1;
2026-10-10T14:41:16Z 1062|kevin|s1a-a1-4b-s2|RUNNING|31:47|90|N/A;1064|kevin|q2s1a-a1-4b-s2|RUNNING|31:34|32|gres:gpu:h100:1;
2026-10-10T14:41:31Z 1062|kevin|s1a-a1-4b-s2|RUNNING|32:02|90|N/A;1064|kevin|q2s1a-a1-4b-s2|RUNNING|31:49|32|gres:gpu:h100:1;
2026-10-10T14:41:46Z 1062|kevin|s1a-a1-4b-s2|RUNNING|32:17|90|N/A;1064|kevin|q2s1a-a1-4b-s2|RUNNING|32:04|32|gres:gpu:h100:1;
2026-10-10T14:42:01Z 1062|kevin|s1a-a1-4b-s2|RUNNING|32:32|90|N/A;1064|kevin|q2s1a-a1-4b-s2|RUNNING|32:19|32|gres:gpu:h100:1;
2026-10-10T14:42:16Z 1062|kevin|s1a-a1-4b-s2|RUNNING|32:47|90|N/A;1064|kevin|q2s1a-a1-4b-s2|RUNNING|32:34|32|gres:gpu:h100:1;
2026-10-10T14:42:31Z 1062|kevin|s1a-a1-4b-s2|RUNNING|33:02|90|N/A;1064|kevin|q2s1a-a1-4b-s2|RUNNING|32:49|32|gres:gpu:h100:1;
2026-10-10T14:42:46Z 1062|kevin|s1a-a1-4b-s2|RUNNING|33:17|90|N/A;1064|kevin|q2s1a-a1-4b-s2|RUNNING|33:04|32|gres:gpu:h100:1;
2026-10-10T14:43:01Z 1062|kevin|s1a-a1-4b-s2|RUNNING|33:32|90|N/A;1064|kevin|q2s1a-a1-4b-s2|RUNNING|33:19|32|gres:gpu:h100:1;
2026-10-10T14:43:16Z 1062|kevin|s1a-a1-4b-s2|RUNNING|33:47|90|N/A;1064|kevin|q2s1a-a1-4b-s2|RUNNING|33:34|32|gres:gpu:h100:1;
2026-10-10T14:43:31Z 1062|kevin|s1a-a1-4b-s2|RUNNING|34:02|90|N/A;1064|kevin|q2s1a-a1-4b-s2|RUNNING|33:49|32|gres:gpu:h100:1;
2026-10-10T14:43:46Z 1062|kevin|s1a-a1-4b-s2|RUNNING|34:17|90|N/A;1064|kevin|q2s1a-a1-4b-s2|RUNNING|34:04|32|gres:gpu:h100:1;
2026-10-10T14:44:01Z 1062|kevin|s1a-a1-4b-s2|RUNNING|34:32|90|N/A;1064|kevin|q2s1a-a1-4b-s2|RUNNING|34:19|32|gres:gpu:h100:1;
2026-10-10T14:44:16Z 1062|kevin|s1a-a1-4b-s2|RUNNING|34:47|90|N/A;1064|kevin|q2s1a-a1-4b-s2|RUNNING|34:34|32|gres:gpu:h100:1;
2026-10-10T14:44:31Z 1062|kevin|s1a-a1-4b-s2|RUNNING|35:02|90|N/A;1064|kevin|q2s1a-a1-4b-s2|RUNNING|34:49|32|gres:gpu:h100:1;
2026-10-10T14:44:46Z 1062|kevin|s1a-a1-4b-s2|RUNNING|35:17|90|N/A;1064|kevin|q2s1a-a1-4b-s2|RUNNING|35:04|32|gres:gpu:h100:1;
2026-10-10T14:45:01Z 1062|kevin|s1a-a1-4b-s2|RUNNING|35:32|90|N/A;1064|kevin|q2s1a-a1-4b-s2|RUNNING|35:19|32|gres:gpu:h100:1;
2026-10-10T14:45:16Z 1062|kevin|s1a-a1-4b-s2|RUNNING|35:47|90|N/A;1064|kevin|q2s1a-a1-4b-s2|RUNNING|35:34|32|gres:gpu:h100:1;
2026-10-10T14:45:31Z 1062|kevin|s1a-a1-4b-s2|RUNNING|36:02|90|N/A;1064|kevin|q2s1a-a1-4b-s2|RUNNING|35:49|32|gres:gpu:h100:1;
2026-10-10T14:45:46Z 1062|kevin|s1a-a1-4b-s2|RUNNING|36:17|90|N/A;1064|kevin|q2s1a-a1-4b-s2|RUNNING|36:04|32|gres:gpu:h100:1;
2026-10-10T14:46:01Z 1062|kevin|s1a-a1-4b-s2|RUNNING|36:32|90|N/A;1064|kevin|q2s1a-a1-4b-s2|RUNNING|36:19|32|gres:gpu:h100:1;
2026-10-10T14:46:16Z 1062|kevin|s1a-a1-4b-s2|RUNNING|36:47|90|N/A;1064|kevin|q2s1a-a1-4b-s2|RUNNING|36:34|32|gres:gpu:h100:1;
2026-10-10T14:46:31Z 1062|kevin|s1a-a1-4b-s2|RUNNING|37:02|90|N/A;1064|kevin|q2s1a-a1-4b-s2|RUNNING|36:49|32|gres:gpu:h100:1;
2026-10-10T14:46:46Z 1062|kevin|s1a-a1-4b-s2|RUNNING|37:17|90|N/A;1064|kevin|q2s1a-a1-4b-s2|RUNNING|37:04|32|gres:gpu:h100:1;
2026-10-10T14:47:01Z 1062|kevin|s1a-a1-4b-s2|RUNNING|37:32|90|N/A;1064|kevin|q2s1a-a1-4b-s2|RUNNING|37:19|32|gres:gpu:h100:1;
2026-10-10T14:47:16Z 1062|kevin|s1a-a1-4b-s2|RUNNING|37:47|90|N/A;1064|kevin|q2s1a-a1-4b-s2|RUNNING|37:34|32|gres:gpu:h100:1;
2026-10-10T14:47:31Z 1062|kevin|s1a-a1-4b-s2|RUNNING|38:02|90|N/A;1064|kevin|q2s1a-a1-4b-s2|RUNNING|37:49|32|gres:gpu:h100:1;
2026-10-10T14:47:46Z 1062|kevin|s1a-a1-4b-s2|RUNNING|38:17|90|N/A;1064|kevin|q2s1a-a1-4b-s2|RUNNING|38:04|32|gres:gpu:h100:1;
2026-10-10T14:48:01Z 1062|kevin|s1a-a1-4b-s2|RUNNING|38:32|90|N/A;1064|kevin|q2s1a-a1-4b-s2|RUNNING|38:19|32|gres:gpu:h100:1;
2026-10-10T14:48:16Z 1062|kevin|s1a-a1-4b-s2|RUNNING|38:47|90|N/A;1064|kevin|q2s1a-a1-4b-s2|RUNNING|38:34|32|gres:gpu:h100:1;
2026-10-10T14:48:31Z 1062|kevin|s1a-a1-4b-s2|RUNNING|39:02|90|N/A;1064|kevin|q2s1a-a1-4b-s2|RUNNING|38:49|32|gres:gpu:h100:1;
2026-10-10T14:48:46Z 1062|kevin|s1a-a1-4b-s2|RUNNING|39:17|90|N/A;1064|kevin|q2s1a-a1-4b-s2|RUNNING|39:04|32|gres:gpu:h100:1;
2026-10-10T14:49:01Z 1062|kevin|s1a-a1-4b-s2|RUNNING|39:33|90|N/A;1064|kevin|q2s1a-a1-4b-s2|RUNNING|39:20|32|gres:gpu:h100:1;
2026-10-10T14:49:17Z 1062|kevin|s1a-a1-4b-s2|RUNNING|39:48|90|N/A;1064|kevin|q2s1a-a1-4b-s2|RUNNING|39:35|32|gres:gpu:h100:1;
2026-10-10T14:49:32Z 1062|kevin|s1a-a1-4b-s2|RUNNING|40:03|90|N/A;1064|kevin|q2s1a-a1-4b-s2|RUNNING|39:50|32|gres:gpu:h100:1;
2026-10-10T14:49:47Z 1062|kevin|s1a-a1-4b-s2|RUNNING|40:18|90|N/A;1064|kevin|q2s1a-a1-4b-s2|RUNNING|40:05|32|gres:gpu:h100:1;
2026-10-10T14:50:02Z 1062|kevin|s1a-a1-4b-s2|RUNNING|40:33|90|N/A;1064|kevin|q2s1a-a1-4b-s2|RUNNING|40:20|32|gres:gpu:h100:1;
2026-10-10T14:50:17Z 1062|kevin|s1a-a1-4b-s2|RUNNING|40:48|90|N/A;1064|kevin|q2s1a-a1-4b-s2|RUNNING|40:35|32|gres:gpu:h100:1;
2026-10-10T14:50:32Z 1062|kevin|s1a-a1-4b-s2|RUNNING|41:03|90|N/A;1064|kevin|q2s1a-a1-4b-s2|RUNNING|40:50|32|gres:gpu:h100:1;
2026-10-10T14:50:47Z 1062|kevin|s1a-a1-4b-s2|RUNNING|41:18|90|N/A;1064|kevin|q2s1a-a1-4b-s2|RUNNING|41:05|32|gres:gpu:h100:1;
2026-10-10T14:51:02Z 1062|kevin|s1a-a1-4b-s2|RUNNING|41:33|90|N/A;1064|kevin|q2s1a-a1-4b-s2|RUNNING|41:20|32|gres:gpu:h100:1;
2026-10-10T14:51:17Z 1062|kevin|s1a-a1-4b-s2|RUNNING|41:48|90|N/A;1064|kevin|q2s1a-a1-4b-s2|RUNNING|41:35|32|gres:gpu:h100:1;
2026-10-10T14:51:32Z 1062|kevin|s1a-a1-4b-s2|RUNNING|42:03|90|N/A;1064|kevin|q2s1a-a1-4b-s2|RUNNING|41:50|32|gres:gpu:h100:1;
2026-10-10T14:51:47Z 1062|kevin|s1a-a1-4b-s2|RUNNING|42:18|90|N/A;1064|kevin|q2s1a-a1-4b-s2|RUNNING|42:05|32|gres:gpu:h100:1;
2026-10-10T14:52:02Z 1062|kevin|s1a-a1-4b-s2|RUNNING|42:33|90|N/A;1064|kevin|q2s1a-a1-4b-s2|RUNNING|42:20|32|gres:gpu:h100:1;
2026-10-10T14:52:17Z 1062|kevin|s1a-a1-4b-s2|RUNNING|42:48|90|N/A;1064|kevin|q2s1a-a1-4b-s2|RUNNING|42:35|32|gres:gpu:h100:1;
2026-10-10T14:52:32Z 1062|kevin|s1a-a1-4b-s2|RUNNING|43:03|90|N/A;1064|kevin|q2s1a-a1-4b-s2|RUNNING|42:50|32|gres:gpu:h100:1;
2026-10-10T14:52:47Z 1062|kevin|s1a-a1-4b-s2|RUNNING|43:18|90|N/A;1064|kevin|q2s1a-a1-4b-s2|RUNNING|43:05|32|gres:gpu:h100:1;
2026-10-10T14:53:02Z 1062|kevin|s1a-a1-4b-s2|RUNNING|43:33|90|N/A;1064|kevin|q2s1a-a1-4b-s2|RUNNING|43:20|32|gres:gpu:h100:1;
2026-10-10T14:53:17Z 1062|kevin|s1a-a1-4b-s2|RUNNING|43:48|90|N/A;1064|kevin|q2s1a-a1-4b-s2|RUNNING|43:35|32|gres:gpu:h100:1;
2026-10-10T14:53:32Z 1062|kevin|s1a-a1-4b-s2|RUNNING|44:03|90|N/A;1064|kevin|q2s1a-a1-4b-s2|RUNNING|43:50|32|gres:gpu:h100:1;
2026-10-10T14:53:47Z 1062|kevin|s1a-a1-4b-s2|RUNNING|44:18|90|N/A;1064|kevin|q2s1a-a1-4b-s2|RUNNING|44:05|32|gres:gpu:h100:1;
2026-10-10T14:54:02Z 1062|kevin|s1a-a1-4b-s2|RUNNING|44:33|90|N/A;1064|kevin|q2s1a-a1-4b-s2|RUNNING|44:20|32|gres:gpu:h100:1;
2026-10-10T14:54:17Z 1062|kevin|s1a-a1-4b-s2|RUNNING|44:48|90|N/A;1064|kevin|q2s1a-a1-4b-s2|RUNNING|44:35|32|gres:gpu:h100:1;
2026-10-10T14:54:32Z 1062|kevin|s1a-a1-4b-s2|RUNNING|45:03|90|N/A;1064|kevin|q2s1a-a1-4b-s2|RUNNING|44:50|32|gres:gpu:h100:1;
2026-10-10T14:54:47Z 1062|kevin|s1a-a1-4b-s2|RUNNING|45:18|90|N/A;1064|kevin|q2s1a-a1-4b-s2|RUNNING|45:05|32|gres:gpu:h100:1;
2026-10-10T14:55:02Z 1062|kevin|s1a-a1-4b-s2|RUNNING|45:33|90|N/A;1064|kevin|q2s1a-a1-4b-s2|RUNNING|45:20|32|gres:gpu:h100:1;
2026-10-10T14:55:17Z 1062|kevin|s1a-a1-4b-s2|RUNNING|45:48|90|N/A;1064|kevin|q2s1a-a1-4b-s2|RUNNING|45:35|32|gres:gpu:h100:1;
2026-10-10T14:55:32Z 1062|kevin|s1a-a1-4b-s2|RUNNING|46:03|90|N/A;1064|kevin|q2s1a-a1-4b-s2|RUNNING|45:50|32|gres:gpu:h100:1;
2026-10-10T14:55:47Z 1062|kevin|s1a-a1-4b-s2|RUNNING|46:18|90|N/A;1064|kevin|q2s1a-a1-4b-s2|RUNNING|46:05|32|gres:gpu:h100:1;
2026-10-10T14:56:02Z 1062|kevin|s1a-a1-4b-s2|RUNNING|46:33|90|N/A;1064|kevin|q2s1a-a1-4b-s2|RUNNING|46:20|32|gres:gpu:h100:1;
2026-10-10T14:56:17Z 1062|kevin|s1a-a1-4b-s2|RUNNING|46:48|90|N/A;1064|kevin|q2s1a-a1-4b-s2|RUNNING|46:35|32|gres:gpu:h100:1;
2026-10-10T14:56:32Z 1062|kevin|s1a-a1-4b-s2|RUNNING|47:03|90|N/A;1064|kevin|q2s1a-a1-4b-s2|RUNNING|46:50|32|gres:gpu:h100:1;
2026-10-10T14:56:47Z 1062|kevin|s1a-a1-4b-s2|RUNNING|47:18|90|N/A;1064|kevin|q2s1a-a1-4b-s2|RUNNING|47:05|32|gres:gpu:h100:1;
2026-10-10T14:57:02Z 1062|kevin|s1a-a1-4b-s2|RUNNING|47:33|90|N/A;1064|kevin|q2s1a-a1-4b-s2|RUNNING|47:20|32|gres:gpu:h100:1;
2026-10-10T14:57:17Z 1062|kevin|s1a-a1-4b-s2|RUNNING|47:48|90|N/A;1064|kevin|q2s1a-a1-4b-s2|RUNNING|47:35|32|gres:gpu:h100:1;
2026-10-10T14:57:32Z 1062|kevin|s1a-a1-4b-s2|RUNNING|48:03|90|N/A;1064|kevin|q2s1a-a1-4b-s2|RUNNING|47:50|32|gres:gpu:h100:1;
2026-10-10T14:57:47Z 1062|kevin|s1a-a1-4b-s2|RUNNING|48:18|90|N/A;1064|kevin|q2s1a-a1-4b-s2|RUNNING|48:05|32|gres:gpu:h100:1;
2026-10-10T14:58:02Z 1062|kevin|s1a-a1-4b-s2|RUNNING|48:33|90|N/A;1064|kevin|q2s1a-a1-4b-s2|RUNNING|48:20|32|gres:gpu:h100:1;
2026-10-10T14:58:17Z 1062|kevin|s1a-a1-4b-s2|RUNNING|48:48|90|N/A;1064|kevin|q2s1a-a1-4b-s2|RUNNING|48:35|32|gres:gpu:h100:1;
2026-10-10T14:58:32Z 1062|kevin|s1a-a1-4b-s2|RUNNING|49:03|90|N/A;1064|kevin|q2s1a-a1-4b-s2|RUNNING|48:50|32|gres:gpu:h100:1;
2026-10-10T14:58:47Z 1062|kevin|s1a-a1-4b-s2|RUNNING|49:18|90|N/A;1064|kevin|q2s1a-a1-4b-s2|RUNNING|49:05|32|gres:gpu:h100:1;
2026-10-10T14:59:02Z 1062|kevin|s1a-a1-4b-s2|RUNNING|49:33|90|N/A;1064|kevin|q2s1a-a1-4b-s2|RUNNING|49:20|32|gres:gpu:h100:1;
2026-10-10T14:59:17Z 1062|kevin|s1a-a1-4b-s2|RUNNING|49:48|90|N/A;1064|kevin|q2s1a-a1-4b-s2|RUNNING|49:35|32|gres:gpu:h100:1;
2026-10-10T14:59:32Z 1062|kevin|s1a-a1-4b-s2|RUNNING|50:03|90|N/A;1064|kevin|q2s1a-a1-4b-s2|RUNNING|49:50|32|gres:gpu:h100:1;
2026-10-10T14:59:47Z 1062|kevin|s1a-a1-4b-s2|RUNNING|50:18|90|N/A;1064|kevin|q2s1a-a1-4b-s2|RUNNING|50:05|32|gres:gpu:h100:1;
2026-10-10T15:00:02Z 1062|kevin|s1a-a1-4b-s2|RUNNING|50:33|90|N/A;1064|kevin|q2s1a-a1-4b-s2|RUNNING|50:20|32|gres:gpu:h100:1;
2026-10-10T15:00:18Z 1062|kevin|s1a-a1-4b-s2|RUNNING|50:49|90|N/A;1064|kevin|q2s1a-a1-4b-s2|RUNNING|50:36|32|gres:gpu:h100:1;
2026-10-10T15:00:33Z 1062|kevin|s1a-a1-4b-s2|RUNNING|51:04|90|N/A;1064|kevin|q2s1a-a1-4b-s2|RUNNING|50:51|32|gres:gpu:h100:1;
2026-10-10T15:00:48Z 1062|kevin|s1a-a1-4b-s2|RUNNING|51:19|90|N/A;1064|kevin|q2s1a-a1-4b-s2|RUNNING|51:06|32|gres:gpu:h100:1;
2026-10-10T15:01:03Z 1062|kevin|s1a-a1-4b-s2|RUNNING|51:34|90|N/A;1064|kevin|q2s1a-a1-4b-s2|RUNNING|51:21|32|gres:gpu:h100:1;
2026-10-10T15:01:18Z 1062|kevin|s1a-a1-4b-s2|RUNNING|51:49|90|N/A;1064|kevin|q2s1a-a1-4b-s2|RUNNING|51:36|32|gres:gpu:h100:1;
2026-10-10T15:01:33Z 1062|kevin|s1a-a1-4b-s2|RUNNING|52:04|90|N/A;1064|kevin|q2s1a-a1-4b-s2|RUNNING|51:51|32|gres:gpu:h100:1;
2026-10-10T15:01:48Z 1062|kevin|s1a-a1-4b-s2|RUNNING|52:19|90|N/A;1064|kevin|q2s1a-a1-4b-s2|RUNNING|52:06|32|gres:gpu:h100:1;
2026-10-10T15:02:03Z 1062|kevin|s1a-a1-4b-s2|RUNNING|52:34|90|N/A;1064|kevin|q2s1a-a1-4b-s2|RUNNING|52:21|32|gres:gpu:h100:1;
2026-10-10T15:02:18Z 1062|kevin|s1a-a1-4b-s2|RUNNING|52:49|90|N/A;1064|kevin|q2s1a-a1-4b-s2|RUNNING|52:36|32|gres:gpu:h100:1;
2026-10-10T15:02:33Z 1062|kevin|s1a-a1-4b-s2|RUNNING|53:04|90|N/A;1064|kevin|q2s1a-a1-4b-s2|RUNNING|52:51|32|gres:gpu:h100:1;
2026-10-10T15:02:48Z 1062|kevin|s1a-a1-4b-s2|RUNNING|53:19|90|N/A;1064|kevin|q2s1a-a1-4b-s2|RUNNING|53:06|32|gres:gpu:h100:1;
2026-10-10T15:03:03Z 1062|kevin|s1a-a1-4b-s2|RUNNING|53:34|90|N/A;1064|kevin|q2s1a-a1-4b-s2|RUNNING|53:21|32|gres:gpu:h100:1;
2026-10-10T15:03:18Z 1062|kevin|s1a-a1-4b-s2|RUNNING|53:49|90|N/A;1064|kevin|q2s1a-a1-4b-s2|RUNNING|53:36|32|gres:gpu:h100:1;
2026-10-10T15:03:33Z 1062|kevin|s1a-a1-4b-s2|RUNNING|54:04|90|N/A;1064|kevin|q2s1a-a1-4b-s2|RUNNING|53:51|32|gres:gpu:h100:1;
2026-10-10T15:03:48Z 1062|kevin|s1a-a1-4b-s2|RUNNING|54:19|90|N/A;1064|kevin|q2s1a-a1-4b-s2|RUNNING|54:06|32|gres:gpu:h100:1;
2026-10-10T15:04:03Z 1062|kevin|s1a-a1-4b-s2|RUNNING|54:34|90|N/A;1064|kevin|q2s1a-a1-4b-s2|RUNNING|54:21|32|gres:gpu:h100:1;
2026-10-10T15:04:18Z 1062|kevin|s1a-a1-4b-s2|RUNNING|54:49|90|N/A;1064|kevin|q2s1a-a1-4b-s2|RUNNING|54:36|32|gres:gpu:h100:1;
2026-10-10T15:04:33Z 1062|kevin|s1a-a1-4b-s2|RUNNING|55:04|90|N/A;1064|kevin|q2s1a-a1-4b-s2|RUNNING|54:51|32|gres:gpu:h100:1;
2026-10-10T15:04:48Z 1062|kevin|s1a-a1-4b-s2|RUNNING|55:19|90|N/A;1064|kevin|q2s1a-a1-4b-s2|RUNNING|55:06|32|gres:gpu:h100:1;
2026-10-10T15:05:03Z 1062|kevin|s1a-a1-4b-s2|RUNNING|55:34|90|N/A;1064|kevin|q2s1a-a1-4b-s2|RUNNING|55:21|32|gres:gpu:h100:1;
2026-10-10T15:05:18Z 1062|kevin|s1a-a1-4b-s2|RUNNING|55:49|90|N/A;1064|kevin|q2s1a-a1-4b-s2|RUNNING|55:36|32|gres:gpu:h100:1;
2026-10-10T15:05:33Z 1062|kevin|s1a-a1-4b-s2|RUNNING|56:04|90|N/A;1064|kevin|q2s1a-a1-4b-s2|RUNNING|55:51|32|gres:gpu:h100:1;
2026-10-10T15:05:48Z 1062|kevin|s1a-a1-4b-s2|RUNNING|56:19|90|N/A;1064|kevin|q2s1a-a1-4b-s2|RUNNING|56:06|32|gres:gpu:h100:1;
2026-10-10T15:06:03Z 1062|kevin|s1a-a1-4b-s2|RUNNING|56:34|90|N/A;1064|kevin|q2s1a-a1-4b-s2|RUNNING|56:21|32|gres:gpu:h100:1;
2026-10-10T15:06:18Z 1062|kevin|s1a-a1-4b-s2|RUNNING|56:49|90|N/A;1064|kevin|q2s1a-a1-4b-s2|RUNNING|56:36|32|gres:gpu:h100:1;
2026-10-10T15:06:33Z 1062|kevin|s1a-a1-4b-s2|RUNNING|57:04|90|N/A;1064|kevin|q2s1a-a1-4b-s2|RUNNING|56:51|32|gres:gpu:h100:1;
2026-10-10T15:06:48Z 1062|kevin|s1a-a1-4b-s2|RUNNING|57:19|90|N/A;1064|kevin|q2s1a-a1-4b-s2|RUNNING|57:06|32|gres:gpu:h100:1;
2026-10-10T15:07:03Z 1062|kevin|s1a-a1-4b-s2|RUNNING|57:34|90|N/A;1064|kevin|q2s1a-a1-4b-s2|RUNNING|57:21|32|gres:gpu:h100:1;
2026-10-10T15:07:18Z 1062|kevin|s1a-a1-4b-s2|RUNNING|57:49|90|N/A;1064|kevin|q2s1a-a1-4b-s2|RUNNING|57:36|32|gres:gpu:h100:1;
2026-10-10T15:07:33Z 1062|kevin|s1a-a1-4b-s2|RUNNING|58:04|90|N/A;1064|kevin|q2s1a-a1-4b-s2|RUNNING|57:51|32|gres:gpu:h100:1;
2026-10-10T15:07:48Z 1062|kevin|s1a-a1-4b-s2|RUNNING|58:19|90|N/A;1064|kevin|q2s1a-a1-4b-s2|RUNNING|58:06|32|gres:gpu:h100:1;
2026-10-10T15:08:03Z 1062|kevin|s1a-a1-4b-s2|RUNNING|58:34|90|N/A;1064|kevin|q2s1a-a1-4b-s2|RUNNING|58:21|32|gres:gpu:h100:1;
2026-10-10T15:08:18Z 1062|kevin|s1a-a1-4b-s2|RUNNING|58:49|90|N/A;1064|kevin|q2s1a-a1-4b-s2|RUNNING|58:36|32|gres:gpu:h100:1;
2026-10-10T15:08:33Z 1062|kevin|s1a-a1-4b-s2|RUNNING|59:04|90|N/A;1064|kevin|q2s1a-a1-4b-s2|RUNNING|58:51|32|gres:gpu:h100:1;
2026-10-10T15:08:48Z 1062|kevin|s1a-a1-4b-s2|RUNNING|59:19|90|N/A;1064|kevin|q2s1a-a1-4b-s2|RUNNING|59:06|32|gres:gpu:h100:1;
2026-10-10T15:09:03Z 1062|kevin|s1a-a1-4b-s2|RUNNING|59:34|90|N/A;1064|kevin|q2s1a-a1-4b-s2|RUNNING|59:21|32|gres:gpu:h100:1;
2026-10-10T15:09:18Z 1062|kevin|s1a-a1-4b-s2|RUNNING|59:49|90|N/A;1064|kevin|q2s1a-a1-4b-s2|RUNNING|59:36|32|gres:gpu:h100:1;
2026-10-10T15:09:33Z 1062|kevin|s1a-a1-4b-s2|RUNNING|1:00:04|90|N/A;1064|kevin|q2s1a-a1-4b-s2|RUNNING|59:51|32|gres:gpu:h100:1;
2026-10-10T15:09:48Z 1062|kevin|s1a-a1-4b-s2|RUNNING|1:00:19|90|N/A;1064|kevin|q2s1a-a1-4b-s2|RUNNING|1:00:06|32|gres:gpu:h100:1;
2026-10-10T15:10:03Z 1062|kevin|s1a-a1-4b-s2|RUNNING|1:00:34|90|N/A;1064|kevin|q2s1a-a1-4b-s2|RUNNING|1:00:21|32|gres:gpu:h100:1;
2026-10-10T15:10:18Z 1062|kevin|s1a-a1-4b-s2|RUNNING|1:00:49|90|N/A;1064|kevin|q2s1a-a1-4b-s2|RUNNING|1:00:36|32|gres:gpu:h100:1;
2026-10-10T15:10:34Z 1062|kevin|s1a-a1-4b-s2|RUNNING|1:01:05|90|N/A;1064|kevin|q2s1a-a1-4b-s2|RUNNING|1:00:52|32|gres:gpu:h100:1;
2026-10-10T15:10:49Z 1062|kevin|s1a-a1-4b-s2|RUNNING|1:01:20|90|N/A;1064|kevin|q2s1a-a1-4b-s2|RUNNING|1:01:07|32|gres:gpu:h100:1;
2026-10-10T15:11:04Z 1062|kevin|s1a-a1-4b-s2|RUNNING|1:01:35|90|N/A;1064|kevin|q2s1a-a1-4b-s2|RUNNING|1:01:22|32|gres:gpu:h100:1;
2026-10-10T15:11:19Z 1062|kevin|s1a-a1-4b-s2|RUNNING|1:01:50|90|N/A;1064|kevin|q2s1a-a1-4b-s2|RUNNING|1:01:37|32|gres:gpu:h100:1;
2026-10-10T15:11:34Z 1062|kevin|s1a-a1-4b-s2|RUNNING|1:02:05|90|N/A;1064|kevin|q2s1a-a1-4b-s2|RUNNING|1:01:52|32|gres:gpu:h100:1;
2026-10-10T15:11:49Z 1062|kevin|s1a-a1-4b-s2|RUNNING|1:02:20|90|N/A;1064|kevin|q2s1a-a1-4b-s2|RUNNING|1:02:07|32|gres:gpu:h100:1;
2026-10-10T15:12:04Z 1062|kevin|s1a-a1-4b-s2|RUNNING|1:02:35|90|N/A;1064|kevin|q2s1a-a1-4b-s2|RUNNING|1:02:22|32|gres:gpu:h100:1;
2026-10-10T15:12:19Z 1062|kevin|s1a-a1-4b-s2|RUNNING|1:02:50|90|N/A;1064|kevin|q2s1a-a1-4b-s2|RUNNING|1:02:37|32|gres:gpu:h100:1;
2026-10-10T15:12:34Z 1062|kevin|s1a-a1-4b-s2|RUNNING|1:03:05|90|N/A;1064|kevin|q2s1a-a1-4b-s2|RUNNING|1:02:52|32|gres:gpu:h100:1;
2026-10-10T15:12:49Z 1062|kevin|s1a-a1-4b-s2|RUNNING|1:03:20|90|N/A;1064|kevin|q2s1a-a1-4b-s2|RUNNING|1:03:07|32|gres:gpu:h100:1;
2026-10-10T15:13:04Z 1062|kevin|s1a-a1-4b-s2|RUNNING|1:03:35|90|N/A;1064|kevin|q2s1a-a1-4b-s2|RUNNING|1:03:22|32|gres:gpu:h100:1;
2026-10-10T15:13:19Z 1062|kevin|s1a-a1-4b-s2|RUNNING|1:03:50|90|N/A;1064|kevin|q2s1a-a1-4b-s2|RUNNING|1:03:37|32|gres:gpu:h100:1;
2026-10-10T15:13:34Z 1062|kevin|s1a-a1-4b-s2|RUNNING|1:04:05|90|N/A;1064|kevin|q2s1a-a1-4b-s2|RUNNING|1:03:52|32|gres:gpu:h100:1;
2026-10-10T15:13:49Z 1062|kevin|s1a-a1-4b-s2|RUNNING|1:04:20|90|N/A;1064|kevin|q2s1a-a1-4b-s2|RUNNING|1:04:07|32|gres:gpu:h100:1;
2026-10-10T15:14:04Z 1062|kevin|s1a-a1-4b-s2|RUNNING|1:04:35|90|N/A;1064|kevin|q2s1a-a1-4b-s2|RUNNING|1:04:22|32|gres:gpu:h100:1;
2026-10-10T15:14:19Z 1062|kevin|s1a-a1-4b-s2|RUNNING|1:04:50|90|N/A;1064|kevin|q2s1a-a1-4b-s2|RUNNING|1:04:37|32|gres:gpu:h100:1;
2026-10-10T15:14:34Z 1062|kevin|s1a-a1-4b-s2|RUNNING|1:05:05|90|N/A;1064|kevin|q2s1a-a1-4b-s2|RUNNING|1:04:52|32|gres:gpu:h100:1;
2026-10-10T15:14:49Z 1062|kevin|s1a-a1-4b-s2|RUNNING|1:05:20|90|N/A;1064|kevin|q2s1a-a1-4b-s2|RUNNING|1:05:07|32|gres:gpu:h100:1;
2026-10-10T15:15:04Z 1062|kevin|s1a-a1-4b-s2|RUNNING|1:05:35|90|N/A;1064|kevin|q2s1a-a1-4b-s2|RUNNING|1:05:22|32|gres:gpu:h100:1;
2026-10-10T15:15:19Z 1062|kevin|s1a-a1-4b-s2|RUNNING|1:05:50|90|N/A;1064|kevin|q2s1a-a1-4b-s2|RUNNING|1:05:37|32|gres:gpu:h100:1;
2026-10-10T15:15:34Z 1062|kevin|s1a-a1-4b-s2|RUNNING|1:06:05|90|N/A;1064|kevin|q2s1a-a1-4b-s2|RUNNING|1:05:52|32|gres:gpu:h100:1;
2026-10-10T15:15:49Z 1062|kevin|s1a-a1-4b-s2|RUNNING|1:06:20|90|N/A;1064|kevin|q2s1a-a1-4b-s2|RUNNING|1:06:07|32|gres:gpu:h100:1;
2026-10-10T15:16:04Z 1062|kevin|s1a-a1-4b-s2|RUNNING|1:06:35|90|N/A;1064|kevin|q2s1a-a1-4b-s2|RUNNING|1:06:22|32|gres:gpu:h100:1;
2026-10-10T15:16:19Z 1062|kevin|s1a-a1-4b-s2|RUNNING|1:06:50|90|N/A;1064|kevin|q2s1a-a1-4b-s2|RUNNING|1:06:37|32|gres:gpu:h100:1;
2026-10-10T15:16:34Z 1062|kevin|s1a-a1-4b-s2|RUNNING|1:07:05|90|N/A;1064|kevin|q2s1a-a1-4b-s2|RUNNING|1:06:52|32|gres:gpu:h100:1;
2026-10-10T15:16:49Z 1062|kevin|s1a-a1-4b-s2|RUNNING|1:07:20|90|N/A;1064|kevin|q2s1a-a1-4b-s2|RUNNING|1:07:07|32|gres:gpu:h100:1;
2026-10-10T15:17:04Z 1062|kevin|s1a-a1-4b-s2|RUNNING|1:07:35|90|N/A;1064|kevin|q2s1a-a1-4b-s2|RUNNING|1:07:22|32|gres:gpu:h100:1;
2026-10-10T15:17:19Z 1062|kevin|s1a-a1-4b-s2|RUNNING|1:07:50|90|N/A;1064|kevin|q2s1a-a1-4b-s2|RUNNING|1:07:37|32|gres:gpu:h100:1;
2026-10-10T15:17:34Z 
