1791514395 cpu 121215373 96024 17356938 124123211727 314510 0 642667 171289 17698333 0 RUNNING
1791514426 cpu 121307744 96024 17374132 124123734982 315854 0 642696 171440 17782847 0 RUNNING
1791514457 cpu 121467963 96024 17386269 124124197456 316318 0 642713 171628 17939032 0 RUNNING
1791514487 cpu 121561668 96024 17392832 124124734291 316434 0 642733 171685 18030363 0 RUNNING
1791514519 cpu 121653206 96024 17400908 124125277818 316711 0 642768 171740 18118320 0 RUNNING
1791514549 cpu 121829614 96024 17428289 124125708183 317386 0 642861 171830 18286833 0 RUNNING
1791514580 cpu 121964368 96024 17468242 124126173280 317466 0 642891 171864 18420627 0 RUNNING
1791514611 cpu 122096186 96024 17507706 124126638725 317531 0 642913 171898 18551532 0 RUNNING
1791514643 cpu 122230284 96024 17547825 124127121364 317590 0 642931 171928 18684631 0 RUNNING
1791514675 cpu 122373659 96024 17589698 124127597580 317758 0 642951 171977 18826626 0 RUNNING
1791514706 cpu 122516028 96024 17631532 124128068394 317958 0 642969 172082 18967904 0 RUNNING
1791514737 cpu 122701571 96024 17677514 124128471925 318481 0 643001 172225 19150800 0 RUNNING
1791514768 cpu 122826779 96024 17714725 124128945464 318927 0 643025 172327 19274607 0 RUNNING
1791514798 cpu 122873346 96024 17729279 124129525728 319143 0 643055 172353 19320019 0 RUNNING
1791514829 cpu 122878025 96024 17730808 124130162490 319154 0 643058 172361 19324562 0 RUNNING
1791514860 cpu 122882075 96024 17732131 124130799905 319165 0 643061 172365 19328512 0 RUNNING
1791514892 cpu 122886170 96024 17733488 124131457858 319172 0 643063 172372 19332501 0 RUNNING
1791514925 cpu 122886840 96024 17733756 124132148116 319181 0 643067 172373 19333063 0 RUNNING
1791514958 cpu 122887191 96024 17733887 124132822201 319188 0 643070 172373 19333337 0 RUNNING
1791514991 cpu 122887478 96024 17734032 124133504323 319194 0 643074 172375 19333540 0 RUNNING
1791515024 cpu 122888643 96024 17734532 124134186264 319214 0 643082 172379 19333663 0 RUNNING
1791515055 cpu 122890168 96024 17734808 124134831271 319218 0 643085 172383 19333663 0
