1791522036 cpu 145008280 96043 22791834 124252282120 371781 0 648953 183919 40995039 0 RUNNING
1791522066 cpu 145091792 98044 22806631 124252814484 372762 0 648981 184056 41071778 0 RUNNING
1791522097 cpu 145240580 101030 22836299 124253269368 373278 0 649001 184152 41218384 0 RUNNING
1791522128 cpu 145365124 103029 22874385 124253741172 373341 0 649029 184183 41342115 0 RUNNING
1791522158 cpu 145488615 105529 22912168 124254213565 373391 0 649067 184216 41464767 0 RUNNING
1791522189 cpu 145612670 106071 22950132 124254687550 373452 0 649088 184240 41588020 0 RUNNING
1791522220 cpu 145743659 106071 22989199 124255155426 373763 0 649107 184340 41717712 0 RUNNING
1791522251 cpu 145882005 106071 23026739 124255616322 373922 0 649132 184414 41855139 0 RUNNING
1791522281 cpu 146022769 106071 23065679 124256074067 374512 0 649181 184543 41993834 0 RUNNING
1791522312 cpu 146153060 106071 23100577 124256543646 375004 0 649252 184641 42120605 0 RUNNING
1791522343 cpu 146301143 106071 23131461 124257004101 375415 0 649298 184705 42264404 0 RUNNING
1791522374 cpu 146427920 106071 23168059 124257477739 375499 0 649314 184734 42390206 0 RUNNING
1791522405 cpu 146552296 106071 23205701 124257954668 375554 0 649328 184773 42513784 0 RUNNING
1791522435 cpu 146677598 106071 23243481 124258429161 375630 0 649356 184817 42638228 0 RUNNING
1791522466 cpu 146806835 106071 23281767 124258897683 375758 0 649377 184879 42766400 0 RUNNING
1791522497 cpu 146939031 106071 23319256 124259362972 376086 0 649410 184969 42897153 0 RUNNING
1791522527 cpu 147081081 106071 23356762 124259818382 376449 0 649442 185061 43037369 0 RUNNING
1791522558 cpu 147208425 106071 23393300 124260292096 376789 0 649482 185169 43162430 0 RUNNING
1791522589 cpu 147350166 106071 23425448 124260751008 377256 0 649529 185247 43299887 0 RUNNING
1791522619 cpu 147484818 106071 23459659 124261217224 377453 0 649554 185296 43432589 0 RUNNING
1791522650 cpu 147609888 106071 23497045 124261692065 377525 0 649573 185338 43556763 0 RUNNING
1791522681 cpu 147734081 106071 23533629 124262167130 377593 0 649594 185379 43680115 0 RUNNING
1791522712 cpu 147862389 106071 23571641 124262638529 377819 0 649619 185443 43807187 0 RUNNING
1791522742 cpu 147994740 106071 23609231 124263105438 378007 0 649639 185524 43938087 0 RUNNING
1791522773 cpu 148131364 106071 23647447 124263566844 378368 0 649680 185609 44073274 0 RUNNING
1791522804 cpu 148271143 106071 23684542 124264033516 378698 0 649715 185697 44210515 0 RUNNING
1791522835 cpu 148404677 106071 23718900 124264502391 379117 0 649766 185775 44341065 0 RUNNING
1791522866 cpu 148541470 106071 23752329 124264967285 379441 0 649802 185880 44474898 0 RUNNING
1791522896 cpu 148668641 106071 23788459 124265440615 379581 0 649820 185933 44600845 0 RUNNING
1791522927 cpu 148794775 106071 23826316 124265912927 379689 0 649842 185988 44725995 0 RUNNING
1791522958 cpu 148921887 106071 23862975 124266385427 379873 0 649876 186045 44851735 0 RUNNING
1791522988 cpu 149054064 106071 23901111 124266850662 380060 0 649905 186117 44982611 0 RUNNING
1791523019 cpu 149188341 106071 23939113 124267315153 380277 0 649927 186197 45115464 0 RUNNING
1791523050 cpu 149320785 106071 23976846 124267780632 380546 0 649958 186298 45246231 0 RUNNING
1791523080 cpu 149458495 106071 24012302 124268241231 381037 0 650009 186395 45380980 0 RUNNING
1791523111 cpu 149593603 106071 24046906 124268708821 381333 0 650057 186453 45513483 0 RUNNING
1791523142 cpu 149729005 106071 24082580 124269179268 381653 0 650086 186515 45646508 0 RUNNING
1791523173 cpu 149856682 106071 24119889 124269663052 381783 0 650105 186557 45773071 0 RUNNING
1791523204 cpu 149984917 106071 24156601 124270137079 381894 0 650127 186602 45900093 0 RUNNING
1791523235 cpu 150114222 106071 24193890 124270605497 382150 0 650150 186665 46027943 0 RUNNING
1791523266 cpu 150247427 106071 24231974 124271072828 382298 0 650173 186721 46160007 0 RUNNING
1791523296 cpu 150382424 106071 24270232 124271535927 382573 0 650195 186798 46293598 0 RUNNING
1791523327 cpu 150519460 106071 24305733 124271998084 383007 0 650250 186877 46427564 0 RUNNING
1791523358 cpu 150655839 106071 24339918 124272466426 383341 0 650285 186955 46561333 0 RUNNING
1791523389 cpu 150785790 106071 24375949 124272937710 383634 0 650309 187025 46689175 0 RUNNING
1791523419 cpu 150917266 106071 24411838 124273405054 383800 0 650348 187072 46818949 0 RUNNING
1791523450 cpu 151043612 106071 24448857 124273877345 383970 0 650367 187118 46943996 0 RUNNING
1791523481 cpu 151173561 106071 24486497 124274351642 384170 0 650385 187166 47072659 0 RUNNING
1791523512 cpu 151304532 106071 24524408 124274819409 384301 0 650403 187230 47202624 0 RUNNING
1791523542 cpu 151439099 106071 24562910 124275283206 384481 0 650420 187317 47336045 0 RUNNING
1791523573 cpu 151573552 106071 24599040 124275748018 384888 0 650469 187389 47467938 0 RUNNING
1791523604 cpu 151712306 106071 24633009 124276209280 385373 0 650504 187485 47603489 0 RUNNING
1791523634 cpu 151843620 106071 24668034 124276678015 385632 0 650540 187559 47732752 0 RUNNING
1791523665 cpu 151974385 106071 24703447 124277148851 385887 0 650569 187624 47861376 0 RUNNING
1791523696 cpu 152096601 106071 24739128 124277627943 386012 0 650590 187663 47982441 0 RUNNING
1791523727 cpu 152221195 106071 24775085 124278104226 386137 0 650613 187713 48105874 0 RUNNING
1791523757 cpu 152349215 106071 24812263 124278575916 386266 0 650641 187769 48232948 0 RUNNING
1791523788 cpu 152479270 106071 24849795 124279044599 386452 0 650658 187840 48361851 0 RUNNING
1791523819 cpu 152606146 106071 24885600 124279517895 386799 0 650698 187926 48486367 0 RUNNING
1791523849 cpu 152745015 106071 24918324 124279981570 387180 0 650728 188003 48622309 0 RUNNING
1791523880 cpu 152874176 106071 24952954 124280452463 387461 0 650758 188071 48749324 0 RUNNING
1791523911 cpu 153001341 106071 24986682 124280926480 387724 0 650782 188121 48874372 0 RUNNING
1791523941 cpu 153125144 106071 25021628 124281403427 387903 0 650807 188161 48996831 0 RUNNING
1791523972 cpu 153248496 106071 25058268 124281881194 388004 0 650823 188201 49119169 0 RUNNING
1791524003 cpu 153373293 106071 25094933 124282355432 388108 0 650842 188257 49243037 0 RUNNING
1791524033 cpu 153504201 106071 25131948 124282823097 388356 0 650860 188312 49372567 0 RUNNING
1791524064 cpu 153632551 106071 25168007 124283294546 388651 0 650882 188400 49499337 0 RUNNING
1791524095 cpu 153762943 106071 25202835 124283764431 389048 0 650942 188470 49627203 0 RUNNING
1791524125 cpu 153901491 106071 25234863 124284228647 389464 0 650976 188558 49762405 0 RUNNING
1791524156 cpu 154027621 106215 25269426 124284704002 389661 0 650993 188607 49886763 0 RUNNING
1791524187 cpu 154152080 106215 25304404 124285182672 389860 0 651018 188658 50009719 0 RUNNING
1791524218 cpu 154273746 106215 25339490 124285662716 389946 0 651034 188698 50130363 0 RUNNING
1791524248 cpu 154400091 106215 25376534 124286136400 390093 0 651054 188753 50255547 0 RUNNING
1791524279 cpu 154526697 106215 25413669 124286609235 390271 0 651079 188829 50381143 0 RUNNING
1791524310 cpu 154658153 106215 25449821 124287078121 390672 0 651111 188946 50510764 0 RUNNING
1791524341 cpu 154792168 106215 25484946 124287544605 391018 0 651154 189034 50642556 0 RUNNING
1791524371 cpu 154920482 106215 25519166 124288017680 391369 0 651181 189111 50768095 0 RUNNING
1791524402 cpu 155052221 106215 25552736 124288486729 391617 0 651223 189178 50897779 0 RUNNING
1791524433 cpu 155178292 106215 25587883 124288962672 391840 0 651245 189239 51022100 0 RUNNING
1791524463 cpu 155302092 106215 25623255 124289439863 391979 0 651264 189284 51144503 0 RUNNING
1791524494 cpu 155430756 106215 25659867 124289910723 392116 0 651281 189322 51272022 0 RUNNING
1791524525 cpu 155560810 106215 25698122 124290379074 392401 0 651297 189413 51400926 0 RUNNING
1791524555 cpu 155693273 106215 25734927 124290846027 392721 0 651328 189493 51531561 0 RUNNING
1791524586 cpu 155830436 106215 25771626 124291307422 393130 0 651363 189587 51666583 0 RUNNING
1791524617 cpu 155964327 106215 25807392 124291773216 393468 0 651392 189683 51798193 0 RUNNING
1791524647 cpu 156097981 106215 25843167 124292238668 393751 0 651417 189752 51929748 0 RUNNING
1791524678 cpu 156228380 106215 25878740 124292708587 394045 0 651449 189823 52057937 0 RUNNING
1791524709 cpu 156356082 106215 25914223 124293182342 394198 0 651471 189876 52184261 0 RUNNING
1791524740 cpu 156486399 106215 25951345 124293650016 394346 0 651503 189919 52313343 0 RUNNING
1791524770 cpu 156616133 106215 25988083 124294118811 394599 0 651523 189994 52441676 0 RUNNING
1791524801 cpu 156748094 106215 26025347 124294585570 394922 0 651552 190066 52571946 0 RUNNING
1791524832 cpu 156882208 106215 26062312 124295052290 395307 0 651582 190152 52704286 0 RUNNING
1791524862 cpu 157015396 106215 26098570 124295517832 395639 0 651625 190239 52835453 0 RUNNING
1791524893 cpu 157152078 106215 26134352 124295980057 395940 0 651645 190319 52969900 0 RUNNING
1791524924 cpu 157281367 106215 26169986 124296450706 396320 0 651668 190401 53097128 0 RUNNING
1791524954 cpu 157413091 106215 26206102 124296919167 396532 0 651689 190461 53227200 0 RUNNING
1791524985 cpu 157542191 106215 26242903 124297390220 396739 0 651713 190520 53354702 0 RUNNING
1791525016 cpu 157673201 106215 26279780 124297857914 396903 0 651736 190571 53484378 0 RUNNING
1791525046 cpu 157800397 106215 26316463 124298329644 397126 0 651754 190642 53610227 0 RUNNING
1791525077 cpu 157933607 106215 26353871 124298794091 397342 0 651787 190724 53742174 0 RUNNING
1791525108 cpu 158064345 106215 26390225 124299261426 397674 0 651817 190805 53870943 0 RUNNING
1791525138 cpu 158202541 106215 26425443 124299722400 398054 0 651852 190879 54006434 0 RUNNING
1791525169 cpu 158335354 106215 26460576 124300190961 398379 0 651878 190949 54136880 0 RUNNING
1791525200 cpu 158467608 106215 26496705 124300659243 398604 0 651904 191008 54267373 0 RUNNING
1791525231 cpu 158595615 106216 26532659 124301131803 398773 0 651932 191061 54393849 0 RUNNING
