1791516126 cpu 122894492 96025 17738457 124157112202 319292 0 643220 172421 19333663 0 RUNNING
1791516157 cpu 123038246 96025 17757695 124157580426 320604 0 643248 172625 19469697 0 RUNNING
1791516188 cpu 123119638 96025 17763424 124158130037 320687 0 643270 172665 19549242 0 RUNNING
1791516219 cpu 123201918 96025 17769067 124158680982 320751 0 643298 172702 19629492 0 RUNNING
1791516250 cpu 123313280 96025 17784610 124159201830 321361 0 643390 172797 19734025 0 RUNNING
1791516281 cpu 123440079 96025 17795191 124159703644 321593 0 643408 172850 19857360 0 RUNNING
1791516312 cpu 123523512 96025 17800927 124160251180 321662 0 643429 172890 19938754 0 RUNNING
1791516343 cpu 123619876 96025 17811940 124160780098 322118 0 643520 172971 20030164 0 RUNNING
1791516373 cpu 123757520 96025 17826604 124161260190 322562 0 643563 173047 20162580 0 RUNNING
1791516404 cpu 123841186 96025 17832662 124161807442 322640 0 643582 173084 20244157 0 RUNNING
1791516435 cpu 123930876 96025 17841101 124162343739 322953 0 643620 173146 20330446 0 RUNNING
1791516465 cpu 124060888 96025 17856987 124162830729 323540 0 643677 173205 20454082 0 RUNNING
1791516496 cpu 124158542 96025 17864240 124163360912 323678 0 643698 173234 20549323 0 RUNNING
1791516527 cpu 124247786 96025 17871739 124163899865 323913 0 643736 173284 20635594 0 RUNNING
1791516558 cpu 124359989 96025 17885426 124164405995 324440 0 643821 173359 20741930 0 RUNNING
1791516588 cpu 124475849 96025 17895611 124164913645 324682 0 643850 173402 20854335 0 RUNNING
1791516619 cpu 124563043 96025 17902656 124165457543 324887 0 643883 173443 20938804 0 RUNNING
1791516650 cpu 124660279 96025 17913240 124165983313 325342 0 643947 173504 21031380 0 RUNNING
1791516680 cpu 124790299 96025 17926739 124166473332 325757 0 643985 173565 21156542 0 RUNNING
1791516711 cpu 124874836 96025 17933297 124167017569 325955 0 644014 173619 21238573 0 RUNNING
1791516742 cpu 124966464 96025 17941598 124167553641 326279 0 644068 173665 21326923 0 RUNNING
1791516773 cpu 125086108 96025 17955988 124168052932 326803 0 644137 173748 21440803 0 RUNNING
1791516803 cpu 125186931 96025 17964283 124168578136 327055 0 644163 173816 21538710 0 RUNNING
1791516834 cpu 125278498 96025 17971955 124169114891 327292 0 644198 173865 21627513 0 RUNNING
1791516865 cpu 125387457 96025 17984550 124169625515 327786 0 644263 173956 21731085 0 RUNNING
1791516895 cpu 125502465 96025 17995661 124170133776 328130 0 644300 174024 21842100 0 RUNNING
1791516926 cpu 125595236 96025 18003278 124170669338 328318 0 644331 174063 21932181 0 RUNNING
1791516957 cpu 125686038 96025 18012863 124171203839 328676 0 644380 174132 22018771 0 RUNNING
1791516988 cpu 125815586 96025 18026508 124171693498 329161 0 644412 174215 22143238 0 RUNNING
1791517018 cpu 125910838 96025 18034447 124172225246 329388 0 644441 174261 22235657 0 RUNNING
1791517049 cpu 125996689 96025 18041715 124172767350 329637 0 644473 174318 22318481 0 RUNNING
1791517080 cpu 126123856 96025 18056508 124173257814 330175 0 644510 174406 22439869 0 RUNNING
1791517110 cpu 126227117 96025 18065642 124173779868 330449 0 644545 174458 22539913 0 RUNNING
1791517141 cpu 126311340 96025 18072054 124174325188 330619 0 644577 174500 22621662 0 RUNNING
1791517172 cpu 126430727 96025 18086497 124174823524 331166 0 644630 174580 22735147 0 RUNNING
1791517203 cpu 126539658 96025 18096954 124175339006 331482 0 644681 174651 22840350 0 RUNNING
1791517236 cpu 126631657 96025 18103532 124175927428 331600 0 644707 174687 22929979 0 RUNNING
1791517268 cpu 126743629 96025 18116513 124176470999 332120 0 644748 174771 23036450 0 RUNNING
1791517301 cpu 126868105 96025 18129084 124176999135 332566 0 644789 174840 23156453 0 RUNNING
1791517332 cpu 126956039 96025 18135258 124177547475 332658 0 644812 174878 23242237 0 RUNNING
1791517363 cpu 127056166 96025 18146032 124178085743 333094 0 644862 174944 23337786 0 RUNNING
1791517395 cpu 127188980 96025 18160134 124178605931 333545 0 644905 175006 23465398 0 RUNNING
1791517429 cpu 127285328 96025 18167408 124179193155 333685 0 644935 175050 23559248 0 RUNNING
1791517463 cpu 127389485 96025 18178544 124179778983 334121 0 644980 175119 23658695 0 RUNNING
1791517493 cpu 127518600 96025 18192776 124180269305 334573 0 645022 175196 23782646 0 RUNNING
1791517524 cpu 127609931 96025 18199955 124180807253 334739 0 645049 175239 23871377 0 RUNNING
1791517555 cpu 127701361 96025 18208820 124181350078 335080 0 645083 175309 23959132 0 RUNNING
1791517587 cpu 127827068 96025 18222983 124181857083 335612 0 645136 175379 24079368 0 RUNNING
1791517618 cpu 127927392 96025 18231313 124182390993 335816 0 645162 175428 24176757 0 RUNNING
1791517649 cpu 128016939 96025 18238787 124182936326 336043 0 645215 175473 24263425 0 RUNNING
1791517680 cpu 128136905 96025 18254636 124183437255 336584 0 645284 175552 24377591 0 RUNNING
1791517710 cpu 128252898 96025 18270127 124183940905 336891 0 645312 175613 24490206 0 RUNNING
1791517741 cpu 128347457 96025 18282377 124184469059 337055 0 645349 175651 24582594 0 RUNNING
1791517772 cpu 128452650 96025 18297942 124184983442 337429 0 645381 175720 24684084 0 RUNNING
1791517803 cpu 128577644 96025 18316622 124185472393 337861 0 645418 175795 24804898 0 RUNNING
1791517833 cpu 128682178 96025 18332604 124185987640 338019 0 645460 175861 24907324 0 RUNNING
1791517864 cpu 128789835 96025 18350331 124186496539 338440 0 645534 175948 25010902 0 RUNNING
1791517895 cpu 128921920 96025 18375191 124186972935 338839 0 645573 176011 25139141 0 RUNNING
1791517925 cpu 129051017 96025 18409473 124187446138 338996 0 645592 176062 25266549 0 RUNNING
1791517956 cpu 129174538 96025 18445726 124187922693 339111 0 645617 176096 25388972 0 RUNNING
1791517987 cpu 129298690 96025 18482413 124188399187 339181 0 645639 176145 25512242 0 RUNNING
1791518017 cpu 129424569 96025 18519629 124188871781 339468 0 645660 176235 25636607 0 RUNNING
1791518048 cpu 129558132 96025 18555991 124189337222 339728 0 645680 176303 25768527 0 RUNNING
1791518079 cpu 129694319 96025 18592650 124189803347 340071 0 645711 176384 25902632 0 RUNNING
1791518110 cpu 129832870 96025 18626486 124190265458 340567 0 645769 176494 26037656 0 RUNNING
1791518140 cpu 129968572 96025 18660232 124190731750 340860 0 645797 176539 26170849 0 RUNNING
1791518171 cpu 130097934 96025 18695460 124191203456 341025 0 645832 176586 26298613 0 RUNNING
1791518202 cpu 130222034 96025 18732334 124191678477 341096 0 645860 176620 26421815 0 RUNNING
1791518232 cpu 130347708 96025 18769352 124192152370 341196 0 645877 176669 26546483 0 RUNNING
1791518263 cpu 130477102 96025 18805568 124192622104 341610 0 645902 176742 26673740 0 RUNNING
1791518294 cpu 130615268 96025 18840893 124193083946 341888 0 645932 176809 26810031 0 RUNNING
1791518324 cpu 130748744 96025 18878256 124193548544 342291 0 645958 176885 26941426 0 RUNNING
1791518355 cpu 130886911 96025 18911702 124194015594 342747 0 645990 176955 27076068 0 RUNNING
1791518386 cpu 131017518 96025 18945875 124194486605 342999 0 646016 177006 27204538 0 RUNNING
1791518417 cpu 131145521 96025 18982142 124194958339 343122 0 646042 177057 27331304 0 RUNNING
1791518447 cpu 131270109 96025 19018801 124195435363 343202 0 646060 177094 27455038 0 RUNNING
1791518478 cpu 131399374 96025 19056226 124195911126 343443 0 646085 177176 27582752 0 RUNNING
1791518509 cpu 131535158 96025 19091572 124196376882 343863 0 646141 177247 27716093 0 RUNNING
1791518540 cpu 131668522 96025 19128877 124196842309 344039 0 646162 177323 27848238 0 RUNNING
1791518571 cpu 131803735 96025 19163709 124197307086 344389 0 646187 177404 27980751 0 RUNNING
1791518601 cpu 131934827 96025 19198078 124197776766 344812 0 646208 177482 28109376 0 RUNNING
1791518632 cpu 132064982 96025 19233408 124198248797 345080 0 646235 177530 28237435 0 RUNNING
1791518663 cpu 132193071 96025 19269549 124198720625 345230 0 646251 177594 28364303 0 RUNNING
1791518693 cpu 132321923 96025 19306728 124199191210 345413 0 646272 177653 28491877 0 RUNNING
1791518724 cpu 132449895 96025 19343259 124199662519 345682 0 646305 177729 28618191 0 RUNNING
1791518755 cpu 132582123 96025 19378808 124200130608 345965 0 646332 177800 28748568 0 RUNNING
1791518786 cpu 132712699 96025 19415338 124200600540 346279 0 646360 177908 28877290 0 RUNNING
1791518816 cpu 132851067 96025 19450474 124201062319 346610 0 646380 177989 29013096 0 RUNNING
1791518847 cpu 132981614 96025 19485632 124201532175 346906 0 646420 178048 29141205 0 RUNNING
1791518878 cpu 133115818 96025 19519910 124201998089 347161 0 646447 178121 29273180 0 RUNNING
1791518908 cpu 133242073 96025 19555930 124202472944 347369 0 646483 178172 29398044 0 RUNNING
1791518939 cpu 133369419 96031 19593107 124202944206 347532 0 646501 178232 29524091 0 RUNNING
1791518970 cpu 133497111 96042 19629710 124203417017 347711 0 646521 178296 29650428 0 RUNNING
1791519000 cpu 133631292 96042 19666825 124203881025 348111 0 646552 178377 29782590 0 RUNNING
1791519031 cpu 133766717 96042 19702627 124204345489 348399 0 646579 178456 29915765 0 RUNNING
1791519062 cpu 133899571 96042 19737986 124204812746 348813 0 646598 178542 30046419 0 RUNNING
1791519093 cpu 134034349 96042 19772961 124205278396 349127 0 646622 178601 30178776 0 RUNNING
1791519123 cpu 134166694 96042 19808053 124205747027 349414 0 646650 178660 30308879 0 RUNNING
1791519154 cpu 134295514 96042 19844616 124206218361 349653 0 646687 178709 30436116 0 RUNNING
1791519185 cpu 134422521 96042 19881332 124206691169 349808 0 646719 178750 30562008 0 RUNNING
1791519215 cpu 134549236 96042 19918276 124207164173 350043 0 646742 178814 30687529 0 RUNNING
1791519246 cpu 134681067 96042 19953738 124207632235 350345 0 646770 178871 30817333 0 RUNNING
1791519277 cpu 134817847 96042 19990708 124208094132 350781 0 646790 178951 30952130 0 RUNNING
1791519307 cpu 134949977 96042 20025095 124208561968 351205 0 646818 179028 31081452 0 RUNNING
1791519338 cpu 135085356 96042 20059480 124209027049 351580 0 646845 179080 31214181 0 RUNNING
1791519369 cpu 135215088 96042 20095562 124209497541 351789 0 646869 179126 31342158 0 RUNNING
1791519400 cpu 135341678 96042 20132345 124209969887 351903 0 646898 179167 31467621 0 RUNNING
1791519430 cpu 135470393 96042 20169638 124210440802 352058 0 646918 179223 31595162 0 RUNNING
1791519461 cpu 135596531 96042 20206703 124210913665 352413 0 646938 179307 31719844 0 RUNNING
1791519492 cpu 135732609 96042 20242123 124211377780 352711 0 646972 179377 31853979 0 RUNNING
1791519522 cpu 135867692 96042 20278115 124211842266 353124 0 646992 179453 31986676 0 RUNNING
1791519553 cpu 135999541 96042 20312260 124212312033 353512 0 647026 179536 32115703 0 RUNNING
1791519584 cpu 136133192 96042 20346373 124212780151 353818 0 647047 179595 32247008 0 RUNNING
1791519614 cpu 136260011 96042 20381889 124213253373 353972 0 647065 179632 32372522 0 RUNNING
1791519645 cpu 136384785 96042 20418740 124213727960 354077 0 647105 179671 32496177 0 RUNNING
1791519676 cpu 136514258 96042 20455594 124214197379 354212 0 647126 179727 32624506 0 RUNNING
1791519706 cpu 136645671 96042 20492649 124214664266 354546 0 647148 179804 32754130 0 RUNNING
1791519737 cpu 136779670 96042 20528505 124215130969 354952 0 647177 179887 32885741 0 RUNNING
1791519768 cpu 136916732 96042 20562799 124215593626 355325 0 647208 179970 33020077 0 RUNNING
1791519799 cpu 137054700 96042 20597292 124216056728 355638 0 647235 180030 33155501 0 RUNNING
1791519829 cpu 137180393 96042 20632319 124216531082 355838 0 647274 180073 33279200 0 RUNNING
1791519860 cpu 137305622 96042 20668167 124217006662 355930 0 647293 180118 33403349 0 RUNNING
1791519891 cpu 137429511 96042 20704831 124217482162 356052 0 647322 180172 33526125 0 RUNNING
1791519921 cpu 137558918 96043 20741627 124217952732 356366 0 647339 180251 33654101 0 RUNNING
1791519952 cpu 137693538 96043 20778407 124218416966 356626 0 647358 180322 33787083 0 RUNNING
1791519983 cpu 137832486 96043 20813142 124218878638 357333 0 647388 180414 33922735 0 RUNNING
1791520013 cpu 137969360 96043 20847511 124219341573 357682 0 647415 180479 34056949 0 RUNNING
1791520044 cpu 138096193 96043 20882678 124219814625 357994 0 647448 180541 34181608 0 RUNNING
1791520075 cpu 138226917 96043 20918556 124220283883 358134 0 647466 180575 34310791 0 RUNNING
1791520106 cpu 138352102 96043 20955838 124220759149 358210 0 647481 180613 34435062 0 RUNNING
1791520136 cpu 138479938 96043 20993530 124221230469 358402 0 647510 180683 34561636 0 RUNNING
1791520167 cpu 138612288 96043 21030240 124221696445 358721 0 647548 180773 34692330 0 RUNNING
1791520198 cpu 138748314 96043 21065251 124222159583 359132 0 647572 180875 34825863 0 RUNNING
1791520228 cpu 138882068 96043 21100391 124222626423 359534 0 647598 180967 34957317 0 RUNNING
1791520259 cpu 139018391 96043 21134753 124223091778 359848 0 647633 181036 35091142 0 RUNNING
1791520290 cpu 139149508 96043 21170199 124223560557 360151 0 647662 181097 35219669 0 RUNNING
1791520320 cpu 139274184 96043 21206678 124224037371 360266 0 647678 181145 35343298 0 RUNNING
1791520351 cpu 139400456 96043 21243445 124224511058 360376 0 647697 181201 35468472 0 RUNNING
1791520382 cpu 139528486 96043 21280557 124224982031 360543 0 647719 181258 35595312 0 RUNNING
1791520413 cpu 139661345 96043 21316581 124225448305 361005 0 647749 181346 35725818 0 RUNNING
1791520443 cpu 139795719 96043 21352102 124225913288 361408 0 647780 181479 35857731 0 RUNNING
1791520474 cpu 139931930 96043 21386419 124226378547 361814 0 647833 181564 35991411 0 RUNNING
1791520505 cpu 140066029 96043 21422515 124226857398 362092 0 647855 181629 36123416 0 RUNNING
1791520536 cpu 140194236 96043 21458289 124227332261 362304 0 647876 181681 36249725 0 RUNNING
1791520567 cpu 140322226 96043 21495252 124227804525 362421 0 647894 181728 36376573 0 RUNNING
1791520598 cpu 140447010 96043 21531508 124228280569 362554 0 647913 181788 36500283 0 RUNNING
1791520628 cpu 140580218 96043 21568772 124228746491 362887 0 647949 181847 36631768 0 RUNNING
1791520659 cpu 140714677 96043 21605451 124229210235 363285 0 647979 181926 36764063 0 RUNNING
1791520690 cpu 140844560 96043 21640781 124229681688 363653 0 648005 182022 36891851 0 RUNNING
1791520721 cpu 140981812 96043 21674988 124230147872 364013 0 648032 182089 37026276 0 RUNNING
1791520751 cpu 141114014 96043 21710286 124230616216 364267 0 648060 182137 37156340 0 RUNNING
1791520782 cpu 141241842 96043 21745941 124231090774 364448 0 648086 182184 37282580 0 RUNNING
1791520813 cpu 141368226 96043 21782449 124231564693 364633 0 648123 182236 37407628 0 RUNNING
1791520843 cpu 141498382 96043 21819941 124232033385 364854 0 648154 182287 37536374 0 RUNNING
1791520874 cpu 141627304 96043 21856573 124232504196 365100 0 648188 182357 37663813 0 RUNNING
1791520905 cpu 141761921 96043 21891934 124232971191 365489 0 648219 182437 37796244 0 RUNNING
1791520936 cpu 141895318 96043 21927837 124233438468 365762 0 648246 182498 37927649 0 RUNNING
1791520967 cpu 142037240 96043 21963545 124233913495 366206 0 648280 182583 38066206 0 RUNNING
1791521000 cpu 142177927 96043 22000272 124234408842 366414 0 648301 182641 38204907 0 RUNNING
1791521031 cpu 142306503 96043 22037045 124234889287 366596 0 648321 182692 38331984 0 RUNNING
1791521062 cpu 142431252 96043 22074175 124235367673 366782 0 648343 182761 38455599 0 RUNNING
1791521092 cpu 142560542 96043 22110222 124235839537 366999 0 648385 182806 38583362 0 RUNNING
1791521123 cpu 142692408 96043 22147404 124236307603 367313 0 648409 182878 38713586 0 RUNNING
1791521154 cpu 142827372 96043 22183508 124236780945 367643 0 648444 182953 38846621 0 RUNNING
1791521185 cpu 142959492 96043 22218010 124237249894 368016 0 648466 183032 38976192 0 RUNNING
1791521216 cpu 143086465 96043 22250768 124237725293 368374 0 648489 183089 39100475 0 RUNNING
1791521247 cpu 143204554 96043 22282662 124238220623 368541 0 648509 183143 39217093 0 RUNNING
1791521279 cpu 143311504 96043 22314327 124238740403 368654 0 648529 183186 39323166 0 RUNNING
1791521310 cpu 143415779 96043 22345359 124239248322 368777 0 648549 183217 39426583 0 RUNNING
1791521341 cpu 143524275 96043 22376717 124239754720 368980 0 648575 183280 39533802 0 RUNNING
1791521372 cpu 143635348 96043 22407345 124240254690 369230 0 648594 183330 39643461 0 RUNNING
1791521402 cpu 143747506 96043 22437100 124240750786 369556 0 648618 183372 39753715 0 RUNNING
1791521433 cpu 143855251 96043 22465770 124241250166 369833 0 648643 183427 39859423 0 RUNNING
1791521464 cpu 143965156 96043 22493206 124241748235 370072 0 648675 183469 39966963 0 RUNNING
1791521495 cpu 144066751 96043 22522991 124242253026 370165 0 648693 183501 40067605 0 RUNNING
1791521525 cpu 144170128 96043 22553494 124242755866 370255 0 648711 183536 40170123 0 RUNNING
1791521556 cpu 144272820 96043 22583538 124243260623 370390 0 648735 183573 40271555 0 RUNNING
1791521589 cpu 144390142 96043 22615332 124243800630 370631 0 648761 183639 40387143 0 RUNNING
1791521620 cpu 144498116 96043 22645523 124244310915 370825 0 648785 183702 40493783 0 RUNNING
1791521652 cpu 144606571 96043 22673997 124244828487 371080 0 648814 183759 40600424 0 RUNNING
1791521684 cpu 144678835 96043 22695058 124245399179 371194 0 648833 183784 40671779 0 RUNNING
1791521715 cpu 144745691 96043 22714421 124245958504 371290 0 648847 183797 40737786 0 RUNNING
1791521746 cpu 144807429 96043 22732539 124246515429 371383 0 648862 183818 40798868 0 RUNNING
1791521776 cpu 144870089 96043 22750896 124247071973 371510 0 648883 183842 40860809 0 RUNNING
1791521807 cpu 144920085 96043 22764950 124247645529 371611 0 648903 183860 40910058 0 RUNNING
1791521838 cpu 144955949 96043 22775456 124248236627 371687 0 648913 183876 40945437 0 RUNNING
1791521869 cpu 144975493 96043 22781555 124248849664 371713 0 648921 183886 40964726 0 RUNNING
1791521899 cpu 144988250 96043 22785557 124249470297 371738 0 648929 183894 40977277 0 RUNNING
1791521930 cpu 144997380 96043 22788332 124250095895 371753 0 648936 183903 40986248 0 RUNNING
1791521961 cpu 145004960 96043 22790676 124250724213 371767 0 648942 183911 40993696 0 RUNNING
1791521991 cpu 145007878 96043 22791583 124251358006 371777 0 648946 183918 40995039 0
1791522022 cpu 145007932 96043 22791672 124251995316 371779 0 648949 183919 40995039 0
