1791512875 cpu 118002004 96024 16597474 124095631606 307555 0 641736 169731 14558275 0 RUNNING
1791512908 cpu 118064401 96024 16612335 124096248653 307895 0 641753 169752 14616509 0 RUNNING
1791512940 cpu 118104263 96024 16615771 124096868978 307953 0 641770 169765 14655360 0 RUNNING
1791512971 cpu 118143962 96024 16618534 124097464539 307987 0 641780 169779 14694012 0 RUNNING
1791513002 cpu 118193780 96024 16625398 124098044636 308256 0 641825 169811 14740819 0 RUNNING
1791513032 cpu 118268209 96024 16639872 124098592696 308404 0 641841 169826 14813727 0 RUNNING
1791513063 cpu 118326627 96024 16657172 124099153577 308438 0 641854 169838 14871636 0 RUNNING
1791513094 cpu 118385755 96024 16674953 124099716233 308471 0 641870 169849 14930269 0 RUNNING
1791513125 cpu 118447156 96024 16693399 124100274936 308527 0 641896 169865 14991036 0 RUNNING
1791513155 cpu 118510264 96024 16712819 124100831404 308635 0 641907 169886 15053476 0 RUNNING
1791513186 cpu 118576143 96024 16731539 124101384922 308704 0 641921 169906 15118852 0 RUNNING
1791513217 cpu 118636252 96024 16749037 124101945027 308867 0 641944 169942 15178194 0 RUNNING
1791513247 cpu 118652979 96024 16753678 124102561833 308946 0 641958 169959 15194355 0 RUNNING
1791513278 cpu 118660265 96024 16756029 124103191485 308957 0 641963 169968 15201543 0 RUNNING
1791513309 cpu 118668412 96024 16758519 124103820955 308971 0 641967 169979 15209570 0 RUNNING
1791513340 cpu 118672209 96024 16759815 124104453903 308977 0 641970 169984 15213264 0 RUNNING
1791513370 cpu 118676045 96024 16761085 124105088310 308982 0 641974 169988 15217012 0 RUNNING
1791513401 cpu 118679850 96024 16762326 124105721651 308989 0 641978 169993 15220734 0 RUNNING
1791513432 cpu 118684009 96024 16763564 124106354299 309002 0 641983 170000 15224583 0 RUNNING
1791513462 cpu 118685226 96024 16763929 124106990944 309005 0 641987 170003 15224583 0
