2026-10-08T14:30:33Z C2-attempt1 job=864 manifest=c2-l0raw-seed45-a1.yaml
2026-10-08T14:41:12Z C1-attempt1 job=866 manifest=c1-hoswup-seed42-a1.yaml
2026-10-08T14:41:13Z C1-attempt1 job=868 manifest=c1-hgabuggy-seed42-a1.yaml
2026-10-08T14:45:05Z C3-attempt1 job=870 manifest=c3-ref-hga-seed42-a1.yaml
2026-10-08T14:45:06Z C3-attempt1 job=872 manifest=c3-ref-hoswfixed-seed42-a1.yaml
2026-10-08T14:45:06Z C3-attempt1 job=874 manifest=c3-ref-l0fixed-seed42-a1.yaml
2026-10-08T14:45:06Z C3-attempt1 job=876 manifest=c3-m01-l0fixed-seed42-a1.yaml
2026-10-08T14:45:07Z C3-attempt1 job=878 manifest=c3-m01-hoswfixed-seed42-a1.yaml
2026-10-08T14:45:07Z C3-attempt1 job=880 manifest=c3-m02-l0fixed-seed42-a1.yaml
2026-10-08T14:48:48Z C3-attempt1 job=882 manifest=c3-m03-l0fixed-seed42-a1.yaml
2026-10-08T14:48:48Z C3-attempt1 job=884 manifest=c3-m03-hoswfixed-seed42-a1.yaml
2026-10-08T14:48:49Z C3-attempt1 job=886 manifest=c3-m03-hga-seed42-a1.yaml
2026-10-08T14:48:49Z C3-attempt1 job=888 manifest=c3-m04-l0fixed-seed42-a1.yaml
2026-10-08T14:48:49Z C3-attempt1 job=890 manifest=c3-m05-l0fixed-seed42-a1.yaml
2026-10-08T14:48:50Z C3-attempt1 job=892 manifest=c3-m05-hoswfixed-seed42-a1.yaml
2026-10-08T14:52:30Z C3-attempt1 job=894 manifest=c3-m05-hga-seed42-a1.yaml
2026-10-08T14:52:31Z C3-attempt1 job=896 manifest=c3-m06-l0fixed-seed42-a1.yaml
2026-10-08T14:52:31Z C3-attempt1 job=898 manifest=c3-m07-l0fixed-seed42-a1.yaml
2026-10-08T14:52:31Z C3-attempt1 job=900 manifest=c3-m08-l0fixed-seed42-a1.yaml
2026-10-08T14:52:32Z C3-attempt1 job=902 manifest=c3-m09-l0fixed-seed42-a1.yaml
2026-10-08T14:52:32Z C3-attempt1 job=904 manifest=c3-m10-l0fixed-seed42-a1.yaml
2026-10-08T14:56:13Z C3-attempt1 job=906 manifest=c3-m11-l0fixed-seed42-a1.yaml
2026-10-08T14:56:13Z C3-attempt1 job=908 manifest=c3-m11-hoswfixed-seed42-a1.yaml
2026-10-08T14:56:13Z C3-attempt1 job=910 manifest=c3-m11-hga-seed42-a1.yaml
2026-10-08T14:56:14Z C3-attempt1 job=912 manifest=c3-m12-l0fixed-seed42-a1.yaml
2026-10-08T14:56:14Z C3-attempt1 job=914 manifest=c3-m12-hoswfixed-seed42-a1.yaml
2026-10-08T14:56:14Z C3-attempt1 job=916 manifest=c3-m12-hga-seed42-a1.yaml
2026-10-08T14:59:35Z C3-attempt1 job=918 manifest=c3-m13-l0fixed-seed42-a1.yaml
2026-10-08T14:59:55Z C3-attempt1 job=920 manifest=c3-m13-hoswfixed-seed42-a1.yaml
2026-10-08T14:59:56Z C3-attempt1 job=922 manifest=c3-m14-l0fixed-seed42-a1.yaml
2026-10-08T14:59:56Z C3-attempt1 job=924 manifest=c3-m15-l0fixed-seed42-a1.yaml
2026-10-08T14:59:56Z C3-attempt1 job=926 manifest=c3-m16-l0fixed-seed42-a1.yaml
2026-10-08T14:59:57Z C3-attempt1 job=928 manifest=c3-m17-l0fixed-seed42-a1.yaml
2026-10-08T15:03:17Z C3-attempt1 job=930 manifest=c3-m18-hoswfixed-seed42-a1.yaml
2026-10-08T15:03:38Z C3-attempt1 job=932 manifest=c3-m18-hga-seed42-a1.yaml
2026-10-08T15:03:38Z C3-attempt1 job=934 manifest=c3-m19-hoswfixed-seed42-a1.yaml
2026-10-08T15:03:38Z C3-attempt1 job=936 manifest=c3-m19-hga-seed42-a1.yaml
2026-10-08T15:03:39Z C3-attempt1 job=938 manifest=c3-m20-hoswfixed-seed42-a1.yaml
2026-10-08T15:03:39Z C3-attempt1 job=940 manifest=c3-m20-hga-seed42-a1.yaml
2026-10-08T15:07:00Z C3-attempt1 job=942 manifest=c3-m21-l0fixed-seed42-a1.yaml
2026-10-08T15:07:00Z C3-attempt1 job=944 manifest=c3-m22-l0fixed-seed42-a1.yaml
2026-10-08T15:07:20Z C3-attempt1 job=946 manifest=c3-m22-hoswfixed-seed42-a1.yaml
2026-10-08T15:07:21Z C3-attempt1 job=948 manifest=c3-m22-hga-seed42-a1.yaml
2026-10-08T15:07:21Z C3-attempt1 job=950 manifest=c3-m23-l0fixed-seed42-a1.yaml
2026-10-08T15:07:22Z C3-attempt1 job=952 manifest=c3-m24-hoswfixed-seed42-a1.yaml
2026-10-08T15:10:42Z C3-attempt1 job=954 manifest=c3-m24-hga-seed42-a1.yaml
2026-10-08T15:10:42Z C3-attempt1 job=956 manifest=c3-m25-l0fixed-seed42-a1.yaml
2026-10-08T15:11:03Z C3-attempt1 job=958 manifest=c3-m26-l0fixed-seed42-a1.yaml
2026-10-08T15:11:03Z C3-attempt1 job=960 manifest=c3-m27-l0fixed-seed42-a1.yaml
2026-10-08T15:11:04Z C3-attempt1 job=962 manifest=c3-m28-hoswfixed-seed42-a1.yaml
2026-10-08T15:28:50Z A5-attempt1 job=964 manifest=a5-bootreset-a1.yaml
2026-10-08T15:47:48Z A1-attempt1 job=968 manifest=a1-l0fixed-seed43-a1.yaml
2026-10-08T16:33:25Z A1-attempt1 job=970 manifest=a1-l0fixed-seed44-a1.yaml
2026-10-08T17:18:43Z A2-attempt1 job=974 manifest=a2-hoswfixed-seed43-a1.yaml
2026-10-08T18:08:23Z A2-attempt1 job=991 manifest=a2-hga-seed43-a1.yaml
2026-10-08T18:54:50Z A3-attempt1 job=1004 manifest=a3-l0fixed-seed43-a1.yaml
2026-10-08T20:26:25Z A3-attempt1 job=1008 manifest=a3-hoswfixed-seed43-a1.yaml
2026-10-08T22:05:31Z A3-attempt1 job=1013 manifest=a3-hga-seed43-a1.yaml
2026-10-08T23:28:12Z A6-attempt1 job=1015 manifest=a6-canary-seed43-a1.yaml
