2026-10-09T23:36:29Z 1050|kevin|q2s1a-a1-4b-s1|PENDING|0:00|32|gres:gpu:h100:1;1048|kevin|s1a-a1-4b-s1|RUNNING|0:00|90|N/A;
2026-10-09T23:36:44Z 1048|kevin|s1a-a1-4b-s1|RUNNING|0:15|90|N/A;1050|kevin|q2s1a-a1-4b-s1|RUNNING|0:15|32|gres:gpu:h100:1;
2026-10-09T23:36:59Z 1048|kevin|s1a-a1-4b-s1|RUNNING|0:30|90|N/A;1050|kevin|q2s1a-a1-4b-s1|RUNNING|0:30|32|gres:gpu:h100:1;
2026-10-09T23:37:14Z 1048|kevin|s1a-a1-4b-s1|RUNNING|0:45|90|N/A;1050|kevin|q2s1a-a1-4b-s1|RUNNING|0:45|32|gres:gpu:h100:1;
2026-10-09T23:37:29Z 1048|kevin|s1a-a1-4b-s1|RUNNING|1:00|90|N/A;1050|kevin|q2s1a-a1-4b-s1|RUNNING|1:00|32|gres:gpu:h100:1;
2026-10-09T23:37:44Z 1048|kevin|s1a-a1-4b-s1|RUNNING|1:15|90|N/A;1050|kevin|q2s1a-a1-4b-s1|RUNNING|1:15|32|gres:gpu:h100:1;
2026-10-09T23:37:59Z 1048|kevin|s1a-a1-4b-s1|RUNNING|1:30|90|N/A;1050|kevin|q2s1a-a1-4b-s1|RUNNING|1:30|32|gres:gpu:h100:1;
2026-10-09T23:38:14Z 1048|kevin|s1a-a1-4b-s1|RUNNING|1:45|90|N/A;1050|kevin|q2s1a-a1-4b-s1|RUNNING|1:45|32|gres:gpu:h100:1;
2026-10-09T23:38:29Z 1048|kevin|s1a-a1-4b-s1|RUNNING|2:00|90|N/A;1050|kevin|q2s1a-a1-4b-s1|RUNNING|2:00|32|gres:gpu:h100:1;
2026-10-09T23:38:44Z 1048|kevin|s1a-a1-4b-s1|RUNNING|2:15|90|N/A;1050|kevin|q2s1a-a1-4b-s1|RUNNING|2:15|32|gres:gpu:h100:1;
2026-10-09T23:38:59Z 1048|kevin|s1a-a1-4b-s1|RUNNING|2:30|90|N/A;1050|kevin|q2s1a-a1-4b-s1|RUNNING|2:30|32|gres:gpu:h100:1;
2026-10-09T23:39:14Z 1048|kevin|s1a-a1-4b-s1|RUNNING|2:45|90|N/A;1050|kevin|q2s1a-a1-4b-s1|RUNNING|2:45|32|gres:gpu:h100:1;
2026-10-09T23:39:29Z 1048|kevin|s1a-a1-4b-s1|RUNNING|3:00|90|N/A;1050|kevin|q2s1a-a1-4b-s1|RUNNING|3:00|32|gres:gpu:h100:1;
2026-10-09T23:39:44Z 1048|kevin|s1a-a1-4b-s1|RUNNING|3:15|90|N/A;1050|kevin|q2s1a-a1-4b-s1|RUNNING|3:15|32|gres:gpu:h100:1;
2026-10-09T23:39:59Z 1048|kevin|s1a-a1-4b-s1|RUNNING|3:30|90|N/A;1050|kevin|q2s1a-a1-4b-s1|RUNNING|3:30|32|gres:gpu:h100:1;
2026-10-09T23:40:14Z 1048|kevin|s1a-a1-4b-s1|RUNNING|3:45|90|N/A;1050|kevin|q2s1a-a1-4b-s1|RUNNING|3:45|32|gres:gpu:h100:1;
2026-10-09T23:40:29Z 1048|kevin|s1a-a1-4b-s1|RUNNING|4:00|90|N/A;1050|kevin|q2s1a-a1-4b-s1|RUNNING|4:00|32|gres:gpu:h100:1;
2026-10-09T23:40:44Z 1048|kevin|s1a-a1-4b-s1|RUNNING|4:15|90|N/A;1050|kevin|q2s1a-a1-4b-s1|RUNNING|4:15|32|gres:gpu:h100:1;
2026-10-09T23:40:59Z 1048|kevin|s1a-a1-4b-s1|RUNNING|4:30|90|N/A;1050|kevin|q2s1a-a1-4b-s1|RUNNING|4:30|32|gres:gpu:h100:1;
2026-10-09T23:41:14Z 1048|kevin|s1a-a1-4b-s1|RUNNING|4:45|90|N/A;1050|kevin|q2s1a-a1-4b-s1|RUNNING|4:45|32|gres:gpu:h100:1;
2026-10-09T23:41:29Z 1048|kevin|s1a-a1-4b-s1|RUNNING|5:00|90|N/A;1050|kevin|q2s1a-a1-4b-s1|RUNNING|5:00|32|gres:gpu:h100:1;
2026-10-09T23:41:44Z 1048|kevin|s1a-a1-4b-s1|RUNNING|5:15|90|N/A;1050|kevin|q2s1a-a1-4b-s1|RUNNING|5:15|32|gres:gpu:h100:1;
2026-10-09T23:41:59Z 1048|kevin|s1a-a1-4b-s1|RUNNING|5:30|90|N/A;1050|kevin|q2s1a-a1-4b-s1|RUNNING|5:30|32|gres:gpu:h100:1;
2026-10-09T23:42:15Z 1048|kevin|s1a-a1-4b-s1|RUNNING|5:46|90|N/A;1050|kevin|q2s1a-a1-4b-s1|RUNNING|5:46|32|gres:gpu:h100:1;
2026-10-09T23:42:30Z 1048|kevin|s1a-a1-4b-s1|RUNNING|6:01|90|N/A;1050|kevin|q2s1a-a1-4b-s1|RUNNING|6:01|32|gres:gpu:h100:1;
2026-10-09T23:42:45Z 1048|kevin|s1a-a1-4b-s1|RUNNING|6:16|90|N/A;1050|kevin|q2s1a-a1-4b-s1|RUNNING|6:16|32|gres:gpu:h100:1;
2026-10-09T23:43:00Z 1048|kevin|s1a-a1-4b-s1|RUNNING|6:31|90|N/A;1050|kevin|q2s1a-a1-4b-s1|RUNNING|6:31|32|gres:gpu:h100:1;
2026-10-09T23:43:15Z 1048|kevin|s1a-a1-4b-s1|RUNNING|6:46|90|N/A;1050|kevin|q2s1a-a1-4b-s1|RUNNING|6:46|32|gres:gpu:h100:1;
2026-10-09T23:43:30Z 1048|kevin|s1a-a1-4b-s1|RUNNING|7:01|90|N/A;1050|kevin|q2s1a-a1-4b-s1|RUNNING|7:01|32|gres:gpu:h100:1;
2026-10-09T23:43:45Z 1048|kevin|s1a-a1-4b-s1|RUNNING|7:16|90|N/A;1050|kevin|q2s1a-a1-4b-s1|RUNNING|7:16|32|gres:gpu:h100:1;
2026-10-09T23:44:00Z 1048|kevin|s1a-a1-4b-s1|RUNNING|7:31|90|N/A;1050|kevin|q2s1a-a1-4b-s1|RUNNING|7:31|32|gres:gpu:h100:1;
2026-10-09T23:44:15Z 1048|kevin|s1a-a1-4b-s1|RUNNING|7:46|90|N/A;1050|kevin|q2s1a-a1-4b-s1|RUNNING|7:46|32|gres:gpu:h100:1;
2026-10-09T23:44:30Z 1048|kevin|s1a-a1-4b-s1|RUNNING|8:01|90|N/A;1050|kevin|q2s1a-a1-4b-s1|RUNNING|8:01|32|gres:gpu:h100:1;
2026-10-09T23:44:45Z 1048|kevin|s1a-a1-4b-s1|RUNNING|8:16|90|N/A;1050|kevin|q2s1a-a1-4b-s1|RUNNING|8:16|32|gres:gpu:h100:1;
2026-10-09T23:45:00Z 1048|kevin|s1a-a1-4b-s1|RUNNING|8:31|90|N/A;1050|kevin|q2s1a-a1-4b-s1|RUNNING|8:31|32|gres:gpu:h100:1;
2026-10-09T23:45:15Z 1048|kevin|s1a-a1-4b-s1|RUNNING|8:46|90|N/A;1050|kevin|q2s1a-a1-4b-s1|RUNNING|8:46|32|gres:gpu:h100:1;
2026-10-09T23:45:30Z 1048|kevin|s1a-a1-4b-s1|RUNNING|9:01|90|N/A;1050|kevin|q2s1a-a1-4b-s1|RUNNING|9:01|32|gres:gpu:h100:1;
2026-10-09T23:45:45Z 1048|kevin|s1a-a1-4b-s1|RUNNING|9:16|90|N/A;1050|kevin|q2s1a-a1-4b-s1|RUNNING|9:16|32|gres:gpu:h100:1;
2026-10-09T23:46:00Z 1048|kevin|s1a-a1-4b-s1|RUNNING|9:31|90|N/A;1050|kevin|q2s1a-a1-4b-s1|RUNNING|9:31|32|gres:gpu:h100:1;
2026-10-09T23:46:15Z 1048|kevin|s1a-a1-4b-s1|RUNNING|9:46|90|N/A;1050|kevin|q2s1a-a1-4b-s1|RUNNING|9:46|32|gres:gpu:h100:1;
2026-10-09T23:46:30Z 1048|kevin|s1a-a1-4b-s1|RUNNING|10:01|90|N/A;1050|kevin|q2s1a-a1-4b-s1|RUNNING|10:01|32|gres:gpu:h100:1;
2026-10-09T23:46:45Z 1048|kevin|s1a-a1-4b-s1|RUNNING|10:16|90|N/A;1050|kevin|q2s1a-a1-4b-s1|RUNNING|10:16|32|gres:gpu:h100:1;
2026-10-09T23:47:00Z 1048|kevin|s1a-a1-4b-s1|RUNNING|10:31|90|N/A;1050|kevin|q2s1a-a1-4b-s1|RUNNING|10:31|32|gres:gpu:h100:1;
2026-10-09T23:47:15Z 1048|kevin|s1a-a1-4b-s1|RUNNING|10:46|90|N/A;1050|kevin|q2s1a-a1-4b-s1|RUNNING|10:46|32|gres:gpu:h100:1;
2026-10-09T23:47:30Z 1048|kevin|s1a-a1-4b-s1|RUNNING|11:01|90|N/A;1050|kevin|q2s1a-a1-4b-s1|RUNNING|11:01|32|gres:gpu:h100:1;
2026-10-09T23:47:45Z 1048|kevin|s1a-a1-4b-s1|RUNNING|11:16|90|N/A;1050|kevin|q2s1a-a1-4b-s1|RUNNING|11:16|32|gres:gpu:h100:1;
2026-10-09T23:48:00Z 1048|kevin|s1a-a1-4b-s1|RUNNING|11:31|90|N/A;1050|kevin|q2s1a-a1-4b-s1|RUNNING|11:31|32|gres:gpu:h100:1;
2026-10-09T23:48:15Z 1048|kevin|s1a-a1-4b-s1|RUNNING|11:46|90|N/A;1050|kevin|q2s1a-a1-4b-s1|RUNNING|11:46|32|gres:gpu:h100:1;
2026-10-09T23:48:30Z 1048|kevin|s1a-a1-4b-s1|RUNNING|12:01|90|N/A;1050|kevin|q2s1a-a1-4b-s1|RUNNING|12:01|32|gres:gpu:h100:1;
2026-10-09T23:48:45Z 1048|kevin|s1a-a1-4b-s1|RUNNING|12:16|90|N/A;1050|kevin|q2s1a-a1-4b-s1|RUNNING|12:16|32|gres:gpu:h100:1;
2026-10-09T23:49:00Z 1048|kevin|s1a-a1-4b-s1|RUNNING|12:31|90|N/A;1050|kevin|q2s1a-a1-4b-s1|RUNNING|12:31|32|gres:gpu:h100:1;
2026-10-09T23:49:15Z 1048|kevin|s1a-a1-4b-s1|RUNNING|12:46|90|N/A;1050|kevin|q2s1a-a1-4b-s1|RUNNING|12:46|32|gres:gpu:h100:1;
2026-10-09T23:49:30Z 1048|kevin|s1a-a1-4b-s1|RUNNING|13:01|90|N/A;1050|kevin|q2s1a-a1-4b-s1|RUNNING|13:01|32|gres:gpu:h100:1;
2026-10-09T23:49:45Z 1048|kevin|s1a-a1-4b-s1|RUNNING|13:16|90|N/A;1050|kevin|q2s1a-a1-4b-s1|RUNNING|13:16|32|gres:gpu:h100:1;
2026-10-09T23:50:00Z 1048|kevin|s1a-a1-4b-s1|RUNNING|13:31|90|N/A;1050|kevin|q2s1a-a1-4b-s1|RUNNING|13:31|32|gres:gpu:h100:1;
2026-10-09T23:50:15Z 1048|kevin|s1a-a1-4b-s1|RUNNING|13:46|90|N/A;1050|kevin|q2s1a-a1-4b-s1|RUNNING|13:46|32|gres:gpu:h100:1;
2026-10-09T23:50:30Z 1048|kevin|s1a-a1-4b-s1|RUNNING|14:01|90|N/A;1050|kevin|q2s1a-a1-4b-s1|RUNNING|14:01|32|gres:gpu:h100:1;
2026-10-09T23:50:45Z 1048|kevin|s1a-a1-4b-s1|RUNNING|14:16|90|N/A;1050|kevin|q2s1a-a1-4b-s1|RUNNING|14:16|32|gres:gpu:h100:1;
2026-10-09T23:51:00Z 1048|kevin|s1a-a1-4b-s1|RUNNING|14:31|90|N/A;1050|kevin|q2s1a-a1-4b-s1|RUNNING|14:31|32|gres:gpu:h100:1;
2026-10-09T23:51:15Z 1048|kevin|s1a-a1-4b-s1|RUNNING|14:46|90|N/A;1050|kevin|q2s1a-a1-4b-s1|RUNNING|14:46|32|gres:gpu:h100:1;
2026-10-09T23:51:30Z 1048|kevin|s1a-a1-4b-s1|RUNNING|15:01|90|N/A;1050|kevin|q2s1a-a1-4b-s1|RUNNING|15:01|32|gres:gpu:h100:1;
2026-10-09T23:51:45Z 1048|kevin|s1a-a1-4b-s1|RUNNING|15:16|90|N/A;1050|kevin|q2s1a-a1-4b-s1|RUNNING|15:16|32|gres:gpu:h100:1;
2026-10-09T23:52:00Z 1048|kevin|s1a-a1-4b-s1|RUNNING|15:31|90|N/A;1050|kevin|q2s1a-a1-4b-s1|RUNNING|15:31|32|gres:gpu:h100:1;
2026-10-09T23:52:15Z 1048|kevin|s1a-a1-4b-s1|RUNNING|15:46|90|N/A;1050|kevin|q2s1a-a1-4b-s1|RUNNING|15:46|32|gres:gpu:h100:1;
2026-10-09T23:52:30Z 1048|kevin|s1a-a1-4b-s1|RUNNING|16:01|90|N/A;1050|kevin|q2s1a-a1-4b-s1|RUNNING|16:01|32|gres:gpu:h100:1;
2026-10-09T23:52:45Z 1048|kevin|s1a-a1-4b-s1|RUNNING|16:16|90|N/A;1050|kevin|q2s1a-a1-4b-s1|RUNNING|16:16|32|gres:gpu:h100:1;
2026-10-09T23:53:00Z 1048|kevin|s1a-a1-4b-s1|RUNNING|16:32|90|N/A;1050|kevin|q2s1a-a1-4b-s1|RUNNING|16:32|32|gres:gpu:h100:1;
2026-10-09T23:53:16Z 1048|kevin|s1a-a1-4b-s1|RUNNING|16:47|90|N/A;1050|kevin|q2s1a-a1-4b-s1|RUNNING|16:47|32|gres:gpu:h100:1;
2026-10-09T23:53:31Z 1048|kevin|s1a-a1-4b-s1|RUNNING|17:02|90|N/A;1050|kevin|q2s1a-a1-4b-s1|RUNNING|17:02|32|gres:gpu:h100:1;
2026-10-09T23:53:46Z 1048|kevin|s1a-a1-4b-s1|RUNNING|17:17|90|N/A;1050|kevin|q2s1a-a1-4b-s1|RUNNING|17:17|32|gres:gpu:h100:1;
2026-10-09T23:54:01Z 1048|kevin|s1a-a1-4b-s1|RUNNING|17:32|90|N/A;1050|kevin|q2s1a-a1-4b-s1|RUNNING|17:32|32|gres:gpu:h100:1;
2026-10-09T23:54:16Z 1048|kevin|s1a-a1-4b-s1|RUNNING|17:47|90|N/A;1050|kevin|q2s1a-a1-4b-s1|RUNNING|17:47|32|gres:gpu:h100:1;
2026-10-09T23:54:31Z 1048|kevin|s1a-a1-4b-s1|RUNNING|18:02|90|N/A;1050|kevin|q2s1a-a1-4b-s1|RUNNING|18:02|32|gres:gpu:h100:1;
2026-10-09T23:54:46Z 1048|kevin|s1a-a1-4b-s1|RUNNING|18:17|90|N/A;1050|kevin|q2s1a-a1-4b-s1|RUNNING|18:17|32|gres:gpu:h100:1;
2026-10-09T23:55:01Z 1048|kevin|s1a-a1-4b-s1|RUNNING|18:32|90|N/A;1050|kevin|q2s1a-a1-4b-s1|RUNNING|18:32|32|gres:gpu:h100:1;
2026-10-09T23:55:16Z 1048|kevin|s1a-a1-4b-s1|RUNNING|18:47|90|N/A;1050|kevin|q2s1a-a1-4b-s1|RUNNING|18:47|32|gres:gpu:h100:1;
2026-10-09T23:55:31Z 1048|kevin|s1a-a1-4b-s1|RUNNING|19:02|90|N/A;1050|kevin|q2s1a-a1-4b-s1|RUNNING|19:02|32|gres:gpu:h100:1;
2026-10-09T23:55:46Z 1048|kevin|s1a-a1-4b-s1|RUNNING|19:17|90|N/A;1050|kevin|q2s1a-a1-4b-s1|RUNNING|19:17|32|gres:gpu:h100:1;
2026-10-09T23:56:01Z 1048|kevin|s1a-a1-4b-s1|RUNNING|19:32|90|N/A;1050|kevin|q2s1a-a1-4b-s1|RUNNING|19:32|32|gres:gpu:h100:1;
2026-10-09T23:56:16Z 1048|kevin|s1a-a1-4b-s1|RUNNING|19:47|90|N/A;1050|kevin|q2s1a-a1-4b-s1|RUNNING|19:47|32|gres:gpu:h100:1;
2026-10-09T23:56:31Z 1048|kevin|s1a-a1-4b-s1|RUNNING|20:02|90|N/A;1050|kevin|q2s1a-a1-4b-s1|RUNNING|20:02|32|gres:gpu:h100:1;
2026-10-09T23:56:46Z 1048|kevin|s1a-a1-4b-s1|RUNNING|20:17|90|N/A;1050|kevin|q2s1a-a1-4b-s1|RUNNING|20:17|32|gres:gpu:h100:1;
2026-10-09T23:57:01Z 1048|kevin|s1a-a1-4b-s1|RUNNING|20:32|90|N/A;1050|kevin|q2s1a-a1-4b-s1|RUNNING|20:32|32|gres:gpu:h100:1;
2026-10-09T23:57:16Z 1048|kevin|s1a-a1-4b-s1|RUNNING|20:47|90|N/A;1050|kevin|q2s1a-a1-4b-s1|RUNNING|20:47|32|gres:gpu:h100:1;
2026-10-09T23:57:31Z 1048|kevin|s1a-a1-4b-s1|RUNNING|21:02|90|N/A;1050|kevin|q2s1a-a1-4b-s1|RUNNING|21:02|32|gres:gpu:h100:1;
2026-10-09T23:57:46Z 1048|kevin|s1a-a1-4b-s1|RUNNING|21:17|90|N/A;1050|kevin|q2s1a-a1-4b-s1|RUNNING|21:17|32|gres:gpu:h100:1;
2026-10-09T23:58:01Z 1048|kevin|s1a-a1-4b-s1|RUNNING|21:32|90|N/A;1050|kevin|q2s1a-a1-4b-s1|RUNNING|21:32|32|gres:gpu:h100:1;
2026-10-09T23:58:16Z 1048|kevin|s1a-a1-4b-s1|RUNNING|21:47|90|N/A;1050|kevin|q2s1a-a1-4b-s1|RUNNING|21:47|32|gres:gpu:h100:1;
2026-10-09T23:58:31Z 1048|kevin|s1a-a1-4b-s1|RUNNING|22:02|90|N/A;1050|kevin|q2s1a-a1-4b-s1|RUNNING|22:02|32|gres:gpu:h100:1;
2026-10-09T23:58:46Z 1048|kevin|s1a-a1-4b-s1|RUNNING|22:17|90|N/A;1050|kevin|q2s1a-a1-4b-s1|RUNNING|22:17|32|gres:gpu:h100:1;
2026-10-09T23:59:01Z 1048|kevin|s1a-a1-4b-s1|RUNNING|22:32|90|N/A;1050|kevin|q2s1a-a1-4b-s1|RUNNING|22:32|32|gres:gpu:h100:1;
2026-10-09T23:59:16Z 1048|kevin|s1a-a1-4b-s1|RUNNING|22:47|90|N/A;1050|kevin|q2s1a-a1-4b-s1|RUNNING|22:47|32|gres:gpu:h100:1;
2026-10-09T23:59:31Z 1048|kevin|s1a-a1-4b-s1|RUNNING|23:02|90|N/A;1050|kevin|q2s1a-a1-4b-s1|RUNNING|23:02|32|gres:gpu:h100:1;
2026-10-09T23:59:46Z 1048|kevin|s1a-a1-4b-s1|RUNNING|23:17|90|N/A;1050|kevin|q2s1a-a1-4b-s1|RUNNING|23:17|32|gres:gpu:h100:1;
2026-10-10T00:00:01Z 1048|kevin|s1a-a1-4b-s1|RUNNING|23:32|90|N/A;1050|kevin|q2s1a-a1-4b-s1|RUNNING|23:32|32|gres:gpu:h100:1;
2026-10-10T00:00:16Z 1048|kevin|s1a-a1-4b-s1|RUNNING|23:47|90|N/A;1050|kevin|q2s1a-a1-4b-s1|RUNNING|23:47|32|gres:gpu:h100:1;
2026-10-10T00:00:31Z 1048|kevin|s1a-a1-4b-s1|RUNNING|24:02|90|N/A;1050|kevin|q2s1a-a1-4b-s1|RUNNING|24:02|32|gres:gpu:h100:1;
2026-10-10T00:00:46Z 1048|kevin|s1a-a1-4b-s1|RUNNING|24:17|90|N/A;1050|kevin|q2s1a-a1-4b-s1|RUNNING|24:17|32|gres:gpu:h100:1;
2026-10-10T00:01:01Z 1048|kevin|s1a-a1-4b-s1|RUNNING|24:32|90|N/A;1050|kevin|q2s1a-a1-4b-s1|RUNNING|24:32|32|gres:gpu:h100:1;
2026-10-10T00:01:16Z 1048|kevin|s1a-a1-4b-s1|RUNNING|24:47|90|N/A;1050|kevin|q2s1a-a1-4b-s1|RUNNING|24:47|32|gres:gpu:h100:1;
2026-10-10T00:01:31Z 1048|kevin|s1a-a1-4b-s1|RUNNING|25:02|90|N/A;1050|kevin|q2s1a-a1-4b-s1|RUNNING|25:02|32|gres:gpu:h100:1;
2026-10-10T00:01:46Z 1048|kevin|s1a-a1-4b-s1|RUNNING|25:17|90|N/A;1050|kevin|q2s1a-a1-4b-s1|RUNNING|25:17|32|gres:gpu:h100:1;
2026-10-10T00:02:01Z 1048|kevin|s1a-a1-4b-s1|RUNNING|25:32|90|N/A;1050|kevin|q2s1a-a1-4b-s1|RUNNING|25:32|32|gres:gpu:h100:1;
2026-10-10T00:02:16Z 1048|kevin|s1a-a1-4b-s1|RUNNING|25:47|90|N/A;1050|kevin|q2s1a-a1-4b-s1|RUNNING|25:47|32|gres:gpu:h100:1;
2026-10-10T00:02:31Z 1048|kevin|s1a-a1-4b-s1|RUNNING|26:02|90|N/A;1050|kevin|q2s1a-a1-4b-s1|RUNNING|26:02|32|gres:gpu:h100:1;
2026-10-10T00:02:46Z 1048|kevin|s1a-a1-4b-s1|RUNNING|26:17|90|N/A;1050|kevin|q2s1a-a1-4b-s1|RUNNING|26:17|32|gres:gpu:h100:1;
2026-10-10T00:03:01Z 1048|kevin|s1a-a1-4b-s1|RUNNING|26:32|90|N/A;1050|kevin|q2s1a-a1-4b-s1|RUNNING|26:32|32|gres:gpu:h100:1;
2026-10-10T00:03:16Z 1048|kevin|s1a-a1-4b-s1|RUNNING|26:47|90|N/A;1050|kevin|q2s1a-a1-4b-s1|RUNNING|26:47|32|gres:gpu:h100:1;
2026-10-10T00:03:32Z 1048|kevin|s1a-a1-4b-s1|RUNNING|27:03|90|N/A;1050|kevin|q2s1a-a1-4b-s1|RUNNING|27:03|32|gres:gpu:h100:1;
2026-10-10T00:03:47Z 1048|kevin|s1a-a1-4b-s1|RUNNING|27:18|90|N/A;1050|kevin|q2s1a-a1-4b-s1|RUNNING|27:18|32|gres:gpu:h100:1;
2026-10-10T00:04:02Z 1048|kevin|s1a-a1-4b-s1|RUNNING|27:33|90|N/A;1050|kevin|q2s1a-a1-4b-s1|RUNNING|27:33|32|gres:gpu:h100:1;
2026-10-10T00:04:17Z 1048|kevin|s1a-a1-4b-s1|RUNNING|27:48|90|N/A;1050|kevin|q2s1a-a1-4b-s1|RUNNING|27:48|32|gres:gpu:h100:1;
2026-10-10T00:04:32Z 1048|kevin|s1a-a1-4b-s1|RUNNING|28:03|90|N/A;1050|kevin|q2s1a-a1-4b-s1|RUNNING|28:03|32|gres:gpu:h100:1;
2026-10-10T00:04:47Z 1048|kevin|s1a-a1-4b-s1|RUNNING|28:18|90|N/A;1050|kevin|q2s1a-a1-4b-s1|RUNNING|28:18|32|gres:gpu:h100:1;
2026-10-10T00:05:02Z 1048|kevin|s1a-a1-4b-s1|RUNNING|28:33|90|N/A;1050|kevin|q2s1a-a1-4b-s1|RUNNING|28:33|32|gres:gpu:h100:1;
2026-10-10T00:05:17Z 1048|kevin|s1a-a1-4b-s1|RUNNING|28:48|90|N/A;1050|kevin|q2s1a-a1-4b-s1|RUNNING|28:48|32|gres:gpu:h100:1;
2026-10-10T00:05:32Z 1048|kevin|s1a-a1-4b-s1|RUNNING|29:03|90|N/A;1050|kevin|q2s1a-a1-4b-s1|RUNNING|29:03|32|gres:gpu:h100:1;
2026-10-10T00:05:47Z 1048|kevin|s1a-a1-4b-s1|RUNNING|29:18|90|N/A;1050|kevin|q2s1a-a1-4b-s1|RUNNING|29:18|32|gres:gpu:h100:1;
2026-10-10T00:06:02Z 1048|kevin|s1a-a1-4b-s1|RUNNING|29:33|90|N/A;1050|kevin|q2s1a-a1-4b-s1|RUNNING|29:33|32|gres:gpu:h100:1;
2026-10-10T00:06:17Z 1048|kevin|s1a-a1-4b-s1|RUNNING|29:48|90|N/A;1050|kevin|q2s1a-a1-4b-s1|RUNNING|29:48|32|gres:gpu:h100:1;
2026-10-10T00:06:32Z 1048|kevin|s1a-a1-4b-s1|RUNNING|30:03|90|N/A;1050|kevin|q2s1a-a1-4b-s1|RUNNING|30:03|32|gres:gpu:h100:1;
2026-10-10T00:06:47Z 1048|kevin|s1a-a1-4b-s1|RUNNING|30:18|90|N/A;1050|kevin|q2s1a-a1-4b-s1|RUNNING|30:18|32|gres:gpu:h100:1;
2026-10-10T00:07:02Z 1048|kevin|s1a-a1-4b-s1|RUNNING|30:33|90|N/A;1050|kevin|q2s1a-a1-4b-s1|RUNNING|30:33|32|gres:gpu:h100:1;
2026-10-10T00:07:17Z 1048|kevin|s1a-a1-4b-s1|RUNNING|30:48|90|N/A;1050|kevin|q2s1a-a1-4b-s1|RUNNING|30:48|32|gres:gpu:h100:1;
2026-10-10T00:07:32Z 1048|kevin|s1a-a1-4b-s1|RUNNING|31:03|90|N/A;1050|kevin|q2s1a-a1-4b-s1|RUNNING|31:03|32|gres:gpu:h100:1;
2026-10-10T00:07:47Z 1048|kevin|s1a-a1-4b-s1|RUNNING|31:18|90|N/A;1050|kevin|q2s1a-a1-4b-s1|RUNNING|31:18|32|gres:gpu:h100:1;
2026-10-10T00:08:02Z 1048|kevin|s1a-a1-4b-s1|RUNNING|31:33|90|N/A;1050|kevin|q2s1a-a1-4b-s1|RUNNING|31:33|32|gres:gpu:h100:1;
2026-10-10T00:08:17Z 1048|kevin|s1a-a1-4b-s1|RUNNING|31:48|90|N/A;1050|kevin|q2s1a-a1-4b-s1|RUNNING|31:48|32|gres:gpu:h100:1;
2026-10-10T00:08:32Z 1048|kevin|s1a-a1-4b-s1|RUNNING|32:03|90|N/A;1050|kevin|q2s1a-a1-4b-s1|RUNNING|32:03|32|gres:gpu:h100:1;
2026-10-10T00:08:47Z 1048|kevin|s1a-a1-4b-s1|RUNNING|32:18|90|N/A;1050|kevin|q2s1a-a1-4b-s1|RUNNING|32:18|32|gres:gpu:h100:1;
2026-10-10T00:09:02Z 1048|kevin|s1a-a1-4b-s1|RUNNING|32:33|90|N/A;1050|kevin|q2s1a-a1-4b-s1|RUNNING|32:33|32|gres:gpu:h100:1;
2026-10-10T00:09:17Z 1048|kevin|s1a-a1-4b-s1|RUNNING|32:48|90|N/A;1050|kevin|q2s1a-a1-4b-s1|RUNNING|32:48|32|gres:gpu:h100:1;
2026-10-10T00:09:32Z 1048|kevin|s1a-a1-4b-s1|RUNNING|33:03|90|N/A;1050|kevin|q2s1a-a1-4b-s1|RUNNING|33:03|32|gres:gpu:h100:1;
2026-10-10T00:09:47Z 1048|kevin|s1a-a1-4b-s1|RUNNING|33:18|90|N/A;1050|kevin|q2s1a-a1-4b-s1|RUNNING|33:18|32|gres:gpu:h100:1;
2026-10-10T00:10:02Z 1048|kevin|s1a-a1-4b-s1|RUNNING|33:33|90|N/A;1050|kevin|q2s1a-a1-4b-s1|RUNNING|33:33|32|gres:gpu:h100:1;
2026-10-10T00:10:17Z 1048|kevin|s1a-a1-4b-s1|RUNNING|33:48|90|N/A;1050|kevin|q2s1a-a1-4b-s1|RUNNING|33:48|32|gres:gpu:h100:1;
2026-10-10T00:10:32Z 1048|kevin|s1a-a1-4b-s1|RUNNING|34:03|90|N/A;1050|kevin|q2s1a-a1-4b-s1|RUNNING|34:03|32|gres:gpu:h100:1;
2026-10-10T00:10:47Z 1048|kevin|s1a-a1-4b-s1|RUNNING|34:18|90|N/A;1050|kevin|q2s1a-a1-4b-s1|RUNNING|34:18|32|gres:gpu:h100:1;
2026-10-10T00:11:02Z 1048|kevin|s1a-a1-4b-s1|RUNNING|34:33|90|N/A;1050|kevin|q2s1a-a1-4b-s1|RUNNING|34:33|32|gres:gpu:h100:1;
2026-10-10T00:11:17Z 1048|kevin|s1a-a1-4b-s1|RUNNING|34:48|90|N/A;1050|kevin|q2s1a-a1-4b-s1|RUNNING|34:48|32|gres:gpu:h100:1;
2026-10-10T00:11:32Z 1048|kevin|s1a-a1-4b-s1|RUNNING|35:03|90|N/A;1050|kevin|q2s1a-a1-4b-s1|RUNNING|35:03|32|gres:gpu:h100:1;
2026-10-10T00:11:47Z 1048|kevin|s1a-a1-4b-s1|RUNNING|35:18|90|N/A;1050|kevin|q2s1a-a1-4b-s1|RUNNING|35:18|32|gres:gpu:h100:1;
2026-10-10T00:12:02Z 1048|kevin|s1a-a1-4b-s1|RUNNING|35:33|90|N/A;1050|kevin|q2s1a-a1-4b-s1|RUNNING|35:33|32|gres:gpu:h100:1;
2026-10-10T00:12:17Z 1048|kevin|s1a-a1-4b-s1|RUNNING|35:48|90|N/A;1050|kevin|q2s1a-a1-4b-s1|RUNNING|35:48|32|gres:gpu:h100:1;
2026-10-10T00:12:32Z 1048|kevin|s1a-a1-4b-s1|RUNNING|36:03|90|N/A;1050|kevin|q2s1a-a1-4b-s1|RUNNING|36:03|32|gres:gpu:h100:1;
2026-10-10T00:12:47Z 1048|kevin|s1a-a1-4b-s1|RUNNING|36:18|90|N/A;1050|kevin|q2s1a-a1-4b-s1|RUNNING|36:18|32|gres:gpu:h100:1;
2026-10-10T00:13:02Z 1048|kevin|s1a-a1-4b-s1|RUNNING|36:33|90|N/A;1050|kevin|q2s1a-a1-4b-s1|RUNNING|36:33|32|gres:gpu:h100:1;
2026-10-10T00:13:17Z 1048|kevin|s1a-a1-4b-s1|RUNNING|36:48|90|N/A;1050|kevin|q2s1a-a1-4b-s1|RUNNING|36:48|32|gres:gpu:h100:1;
2026-10-10T00:13:32Z 1048|kevin|s1a-a1-4b-s1|RUNNING|37:03|90|N/A;1050|kevin|q2s1a-a1-4b-s1|RUNNING|37:03|32|gres:gpu:h100:1;
2026-10-10T00:13:47Z 1048|kevin|s1a-a1-4b-s1|RUNNING|37:18|90|N/A;1050|kevin|q2s1a-a1-4b-s1|RUNNING|37:18|32|gres:gpu:h100:1;
2026-10-10T00:14:02Z 1048|kevin|s1a-a1-4b-s1|RUNNING|37:33|90|N/A;1050|kevin|q2s1a-a1-4b-s1|RUNNING|37:33|32|gres:gpu:h100:1;
2026-10-10T00:14:17Z 1048|kevin|s1a-a1-4b-s1|RUNNING|37:48|90|N/A;1050|kevin|q2s1a-a1-4b-s1|RUNNING|37:48|32|gres:gpu:h100:1;
2026-10-10T00:14:33Z 1048|kevin|s1a-a1-4b-s1|RUNNING|38:04|90|N/A;1050|kevin|q2s1a-a1-4b-s1|RUNNING|38:04|32|gres:gpu:h100:1;
2026-10-10T00:14:48Z 1048|kevin|s1a-a1-4b-s1|RUNNING|38:19|90|N/A;1050|kevin|q2s1a-a1-4b-s1|RUNNING|38:19|32|gres:gpu:h100:1;
2026-10-10T00:15:03Z 1048|kevin|s1a-a1-4b-s1|RUNNING|38:34|90|N/A;1050|kevin|q2s1a-a1-4b-s1|RUNNING|38:34|32|gres:gpu:h100:1;
2026-10-10T00:15:18Z 1048|kevin|s1a-a1-4b-s1|RUNNING|38:49|90|N/A;1050|kevin|q2s1a-a1-4b-s1|RUNNING|38:49|32|gres:gpu:h100:1;
2026-10-10T00:15:33Z 1048|kevin|s1a-a1-4b-s1|RUNNING|39:04|90|N/A;1050|kevin|q2s1a-a1-4b-s1|RUNNING|39:04|32|gres:gpu:h100:1;
2026-10-10T00:15:48Z 1048|kevin|s1a-a1-4b-s1|RUNNING|39:19|90|N/A;1050|kevin|q2s1a-a1-4b-s1|RUNNING|39:19|32|gres:gpu:h100:1;
2026-10-10T00:16:03Z 1048|kevin|s1a-a1-4b-s1|RUNNING|39:34|90|N/A;1050|kevin|q2s1a-a1-4b-s1|RUNNING|39:34|32|gres:gpu:h100:1;
2026-10-10T00:16:18Z 1048|kevin|s1a-a1-4b-s1|RUNNING|39:49|90|N/A;1050|kevin|q2s1a-a1-4b-s1|RUNNING|39:49|32|gres:gpu:h100:1;
2026-10-10T00:16:33Z 1048|kevin|s1a-a1-4b-s1|RUNNING|40:04|90|N/A;1050|kevin|q2s1a-a1-4b-s1|RUNNING|40:04|32|gres:gpu:h100:1;
2026-10-10T00:16:48Z 1048|kevin|s1a-a1-4b-s1|RUNNING|40:19|90|N/A;1050|kevin|q2s1a-a1-4b-s1|RUNNING|40:19|32|gres:gpu:h100:1;
2026-10-10T00:17:03Z 1048|kevin|s1a-a1-4b-s1|RUNNING|40:34|90|N/A;1050|kevin|q2s1a-a1-4b-s1|RUNNING|40:34|32|gres:gpu:h100:1;
2026-10-10T00:17:18Z 1048|kevin|s1a-a1-4b-s1|RUNNING|40:49|90|N/A;1050|kevin|q2s1a-a1-4b-s1|RUNNING|40:49|32|gres:gpu:h100:1;
2026-10-10T00:17:33Z 1048|kevin|s1a-a1-4b-s1|RUNNING|41:04|90|N/A;1050|kevin|q2s1a-a1-4b-s1|RUNNING|41:04|32|gres:gpu:h100:1;
2026-10-10T00:17:48Z 1048|kevin|s1a-a1-4b-s1|RUNNING|41:19|90|N/A;1050|kevin|q2s1a-a1-4b-s1|RUNNING|41:19|32|gres:gpu:h100:1;
2026-10-10T00:18:03Z 1048|kevin|s1a-a1-4b-s1|RUNNING|41:34|90|N/A;1050|kevin|q2s1a-a1-4b-s1|RUNNING|41:34|32|gres:gpu:h100:1;
2026-10-10T00:18:18Z 1048|kevin|s1a-a1-4b-s1|RUNNING|41:49|90|N/A;1050|kevin|q2s1a-a1-4b-s1|RUNNING|41:49|32|gres:gpu:h100:1;
2026-10-10T00:18:33Z 1048|kevin|s1a-a1-4b-s1|RUNNING|42:04|90|N/A;1050|kevin|q2s1a-a1-4b-s1|RUNNING|42:04|32|gres:gpu:h100:1;
2026-10-10T00:18:48Z 1048|kevin|s1a-a1-4b-s1|RUNNING|42:19|90|N/A;1050|kevin|q2s1a-a1-4b-s1|RUNNING|42:19|32|gres:gpu:h100:1;
2026-10-10T00:19:03Z 1048|kevin|s1a-a1-4b-s1|RUNNING|42:34|90|N/A;1050|kevin|q2s1a-a1-4b-s1|RUNNING|42:34|32|gres:gpu:h100:1;
2026-10-10T00:19:18Z 1048|kevin|s1a-a1-4b-s1|RUNNING|42:49|90|N/A;1050|kevin|q2s1a-a1-4b-s1|RUNNING|42:49|32|gres:gpu:h100:1;
2026-10-10T00:19:33Z 1048|kevin|s1a-a1-4b-s1|RUNNING|43:04|90|N/A;1050|kevin|q2s1a-a1-4b-s1|RUNNING|43:04|32|gres:gpu:h100:1;
2026-10-10T00:19:48Z 1048|kevin|s1a-a1-4b-s1|RUNNING|43:19|90|N/A;1050|kevin|q2s1a-a1-4b-s1|RUNNING|43:19|32|gres:gpu:h100:1;
2026-10-10T00:20:03Z 1048|kevin|s1a-a1-4b-s1|RUNNING|43:34|90|N/A;1050|kevin|q2s1a-a1-4b-s1|RUNNING|43:34|32|gres:gpu:h100:1;
2026-10-10T00:20:18Z 1048|kevin|s1a-a1-4b-s1|RUNNING|43:49|90|N/A;1050|kevin|q2s1a-a1-4b-s1|RUNNING|43:49|32|gres:gpu:h100:1;
2026-10-10T00:20:33Z 1048|kevin|s1a-a1-4b-s1|RUNNING|44:04|90|N/A;1050|kevin|q2s1a-a1-4b-s1|RUNNING|44:04|32|gres:gpu:h100:1;
2026-10-10T00:20:48Z 1048|kevin|s1a-a1-4b-s1|RUNNING|44:19|90|N/A;1050|kevin|q2s1a-a1-4b-s1|RUNNING|44:19|32|gres:gpu:h100:1;
2026-10-10T00:21:03Z 1048|kevin|s1a-a1-4b-s1|RUNNING|44:34|90|N/A;1050|kevin|q2s1a-a1-4b-s1|RUNNING|44:34|32|gres:gpu:h100:1;
2026-10-10T00:21:18Z 1048|kevin|s1a-a1-4b-s1|RUNNING|44:49|90|N/A;1050|kevin|q2s1a-a1-4b-s1|RUNNING|44:49|32|gres:gpu:h100:1;
2026-10-10T00:21:33Z 1048|kevin|s1a-a1-4b-s1|RUNNING|45:04|90|N/A;1050|kevin|q2s1a-a1-4b-s1|RUNNING|45:04|32|gres:gpu:h100:1;
2026-10-10T00:21:48Z 1048|kevin|s1a-a1-4b-s1|RUNNING|45:19|90|N/A;1050|kevin|q2s1a-a1-4b-s1|RUNNING|45:19|32|gres:gpu:h100:1;
2026-10-10T00:22:03Z 1048|kevin|s1a-a1-4b-s1|RUNNING|45:34|90|N/A;1050|kevin|q2s1a-a1-4b-s1|RUNNING|45:34|32|gres:gpu:h100:1;
2026-10-10T00:22:18Z 1048|kevin|s1a-a1-4b-s1|RUNNING|45:49|90|N/A;1050|kevin|q2s1a-a1-4b-s1|RUNNING|45:49|32|gres:gpu:h100:1;
2026-10-10T00:22:33Z 1048|kevin|s1a-a1-4b-s1|RUNNING|46:04|90|N/A;1050|kevin|q2s1a-a1-4b-s1|RUNNING|46:04|32|gres:gpu:h100:1;
2026-10-10T00:22:48Z 1048|kevin|s1a-a1-4b-s1|RUNNING|46:19|90|N/A;1050|kevin|q2s1a-a1-4b-s1|RUNNING|46:19|32|gres:gpu:h100:1;
2026-10-10T00:23:03Z 1048|kevin|s1a-a1-4b-s1|RUNNING|46:34|90|N/A;1050|kevin|q2s1a-a1-4b-s1|RUNNING|46:34|32|gres:gpu:h100:1;
2026-10-10T00:23:18Z 1048|kevin|s1a-a1-4b-s1|RUNNING|46:49|90|N/A;1050|kevin|q2s1a-a1-4b-s1|RUNNING|46:49|32|gres:gpu:h100:1;
2026-10-10T00:23:33Z 1048|kevin|s1a-a1-4b-s1|RUNNING|47:04|90|N/A;1050|kevin|q2s1a-a1-4b-s1|RUNNING|47:04|32|gres:gpu:h100:1;
2026-10-10T00:23:48Z 1048|kevin|s1a-a1-4b-s1|RUNNING|47:19|90|N/A;1050|kevin|q2s1a-a1-4b-s1|RUNNING|47:19|32|gres:gpu:h100:1;
2026-10-10T00:24:03Z 1048|kevin|s1a-a1-4b-s1|RUNNING|47:34|90|N/A;1050|kevin|q2s1a-a1-4b-s1|RUNNING|47:34|32|gres:gpu:h100:1;
2026-10-10T00:24:18Z 1048|kevin|s1a-a1-4b-s1|RUNNING|47:49|90|N/A;1050|kevin|q2s1a-a1-4b-s1|RUNNING|47:49|32|gres:gpu:h100:1;
2026-10-10T00:24:33Z 1048|kevin|s1a-a1-4b-s1|RUNNING|48:04|90|N/A;1050|kevin|q2s1a-a1-4b-s1|RUNNING|48:04|32|gres:gpu:h100:1;
2026-10-10T00:24:48Z 1048|kevin|s1a-a1-4b-s1|RUNNING|48:19|90|N/A;1050|kevin|q2s1a-a1-4b-s1|RUNNING|48:19|32|gres:gpu:h100:1;
2026-10-10T00:25:03Z 1048|kevin|s1a-a1-4b-s1|RUNNING|48:34|90|N/A;1050|kevin|q2s1a-a1-4b-s1|RUNNING|48:34|32|gres:gpu:h100:1;
2026-10-10T00:25:18Z 1048|kevin|s1a-a1-4b-s1|RUNNING|48:49|90|N/A;1050|kevin|q2s1a-a1-4b-s1|RUNNING|48:49|32|gres:gpu:h100:1;
2026-10-10T00:25:34Z 1048|kevin|s1a-a1-4b-s1|RUNNING|49:05|90|N/A;1050|kevin|q2s1a-a1-4b-s1|RUNNING|49:05|32|gres:gpu:h100:1;
2026-10-10T00:25:49Z 1048|kevin|s1a-a1-4b-s1|RUNNING|49:20|90|N/A;1050|kevin|q2s1a-a1-4b-s1|RUNNING|49:20|32|gres:gpu:h100:1;
2026-10-10T00:26:04Z 1048|kevin|s1a-a1-4b-s1|RUNNING|49:35|90|N/A;1050|kevin|q2s1a-a1-4b-s1|RUNNING|49:35|32|gres:gpu:h100:1;
2026-10-10T00:26:19Z 1048|kevin|s1a-a1-4b-s1|RUNNING|49:50|90|N/A;1050|kevin|q2s1a-a1-4b-s1|RUNNING|49:50|32|gres:gpu:h100:1;
2026-10-10T00:26:34Z 1048|kevin|s1a-a1-4b-s1|RUNNING|50:05|90|N/A;1050|kevin|q2s1a-a1-4b-s1|RUNNING|50:05|32|gres:gpu:h100:1;
2026-10-10T00:26:49Z 1048|kevin|s1a-a1-4b-s1|RUNNING|50:20|90|N/A;1050|kevin|q2s1a-a1-4b-s1|RUNNING|50:20|32|gres:gpu:h100:1;
2026-10-10T00:27:04Z 1048|kevin|s1a-a1-4b-s1|RUNNING|50:35|90|N/A;1050|kevin|q2s1a-a1-4b-s1|RUNNING|50:35|32|gres:gpu:h100:1;
2026-10-10T00:27:19Z 1048|kevin|s1a-a1-4b-s1|RUNNING|50:50|90|N/A;1050|kevin|q2s1a-a1-4b-s1|RUNNING|50:50|32|gres:gpu:h100:1;
2026-10-10T00:27:34Z 1048|kevin|s1a-a1-4b-s1|RUNNING|51:05|90|N/A;1050|kevin|q2s1a-a1-4b-s1|RUNNING|51:05|32|gres:gpu:h100:1;
2026-10-10T00:27:49Z 1048|kevin|s1a-a1-4b-s1|RUNNING|51:20|90|N/A;1050|kevin|q2s1a-a1-4b-s1|RUNNING|51:20|32|gres:gpu:h100:1;
2026-10-10T00:28:04Z 1048|kevin|s1a-a1-4b-s1|RUNNING|51:35|90|N/A;1050|kevin|q2s1a-a1-4b-s1|RUNNING|51:35|32|gres:gpu:h100:1;
2026-10-10T00:28:19Z 1048|kevin|s1a-a1-4b-s1|RUNNING|51:50|90|N/A;1050|kevin|q2s1a-a1-4b-s1|RUNNING|51:50|32|gres:gpu:h100:1;
2026-10-10T00:28:34Z 1048|kevin|s1a-a1-4b-s1|RUNNING|52:05|90|N/A;1050|kevin|q2s1a-a1-4b-s1|RUNNING|52:05|32|gres:gpu:h100:1;
2026-10-10T00:28:49Z 1048|kevin|s1a-a1-4b-s1|RUNNING|52:20|90|N/A;1050|kevin|q2s1a-a1-4b-s1|RUNNING|52:20|32|gres:gpu:h100:1;
2026-10-10T00:29:04Z 1048|kevin|s1a-a1-4b-s1|RUNNING|52:35|90|N/A;1050|kevin|q2s1a-a1-4b-s1|RUNNING|52:35|32|gres:gpu:h100:1;
2026-10-10T00:29:19Z 1048|kevin|s1a-a1-4b-s1|RUNNING|52:50|90|N/A;1050|kevin|q2s1a-a1-4b-s1|RUNNING|52:50|32|gres:gpu:h100:1;
2026-10-10T00:29:34Z 1048|kevin|s1a-a1-4b-s1|RUNNING|53:05|90|N/A;1050|kevin|q2s1a-a1-4b-s1|RUNNING|53:05|32|gres:gpu:h100:1;
2026-10-10T00:29:49Z 1048|kevin|s1a-a1-4b-s1|RUNNING|53:20|90|N/A;1050|kevin|q2s1a-a1-4b-s1|RUNNING|53:20|32|gres:gpu:h100:1;
2026-10-10T00:30:04Z 1048|kevin|s1a-a1-4b-s1|RUNNING|53:35|90|N/A;1050|kevin|q2s1a-a1-4b-s1|RUNNING|53:35|32|gres:gpu:h100:1;
2026-10-10T00:30:19Z 1048|kevin|s1a-a1-4b-s1|RUNNING|53:50|90|N/A;1050|kevin|q2s1a-a1-4b-s1|RUNNING|53:50|32|gres:gpu:h100:1;
2026-10-10T00:30:34Z 1048|kevin|s1a-a1-4b-s1|RUNNING|54:05|90|N/A;1050|kevin|q2s1a-a1-4b-s1|RUNNING|54:05|32|gres:gpu:h100:1;
2026-10-10T00:30:49Z 1048|kevin|s1a-a1-4b-s1|RUNNING|54:20|90|N/A;1050|kevin|q2s1a-a1-4b-s1|RUNNING|54:20|32|gres:gpu:h100:1;
2026-10-10T00:31:04Z 1048|kevin|s1a-a1-4b-s1|RUNNING|54:35|90|N/A;1050|kevin|q2s1a-a1-4b-s1|RUNNING|54:35|32|gres:gpu:h100:1;
2026-10-10T00:31:19Z 1048|kevin|s1a-a1-4b-s1|RUNNING|54:50|90|N/A;1050|kevin|q2s1a-a1-4b-s1|RUNNING|54:50|32|gres:gpu:h100:1;
2026-10-10T00:31:34Z 1048|kevin|s1a-a1-4b-s1|RUNNING|55:05|90|N/A;1050|kevin|q2s1a-a1-4b-s1|RUNNING|55:05|32|gres:gpu:h100:1;
2026-10-10T00:31:49Z 1048|kevin|s1a-a1-4b-s1|RUNNING|55:20|90|N/A;1050|kevin|q2s1a-a1-4b-s1|RUNNING|55:20|32|gres:gpu:h100:1;
2026-10-10T00:32:04Z 1048|kevin|s1a-a1-4b-s1|RUNNING|55:35|90|N/A;1050|kevin|q2s1a-a1-4b-s1|RUNNING|55:35|32|gres:gpu:h100:1;
2026-10-10T00:32:19Z 1048|kevin|s1a-a1-4b-s1|RUNNING|55:50|90|N/A;1050|kevin|q2s1a-a1-4b-s1|RUNNING|55:50|32|gres:gpu:h100:1;
2026-10-10T00:32:34Z 1048|kevin|s1a-a1-4b-s1|RUNNING|56:05|90|N/A;1050|kevin|q2s1a-a1-4b-s1|RUNNING|56:05|32|gres:gpu:h100:1;
2026-10-10T00:32:49Z 1048|kevin|s1a-a1-4b-s1|RUNNING|56:20|90|N/A;1050|kevin|q2s1a-a1-4b-s1|RUNNING|56:20|32|gres:gpu:h100:1;
2026-10-10T00:33:04Z 1048|kevin|s1a-a1-4b-s1|RUNNING|56:35|90|N/A;1050|kevin|q2s1a-a1-4b-s1|RUNNING|56:35|32|gres:gpu:h100:1;
2026-10-10T00:33:19Z 1048|kevin|s1a-a1-4b-s1|RUNNING|56:50|90|N/A;1050|kevin|q2s1a-a1-4b-s1|RUNNING|56:50|32|gres:gpu:h100:1;
2026-10-10T00:33:34Z 1048|kevin|s1a-a1-4b-s1|RUNNING|57:05|90|N/A;1050|kevin|q2s1a-a1-4b-s1|RUNNING|57:05|32|gres:gpu:h100:1;
2026-10-10T00:33:49Z 1048|kevin|s1a-a1-4b-s1|RUNNING|57:20|90|N/A;1050|kevin|q2s1a-a1-4b-s1|RUNNING|57:20|32|gres:gpu:h100:1;
2026-10-10T00:34:04Z 1048|kevin|s1a-a1-4b-s1|RUNNING|57:35|90|N/A;1050|kevin|q2s1a-a1-4b-s1|RUNNING|57:35|32|gres:gpu:h100:1;
2026-10-10T00:34:19Z 1048|kevin|s1a-a1-4b-s1|RUNNING|57:50|90|N/A;1050|kevin|q2s1a-a1-4b-s1|RUNNING|57:50|32|gres:gpu:h100:1;
2026-10-10T00:34:34Z 1048|kevin|s1a-a1-4b-s1|RUNNING|58:05|90|N/A;1050|kevin|q2s1a-a1-4b-s1|RUNNING|58:05|32|gres:gpu:h100:1;
2026-10-10T00:34:49Z 1048|kevin|s1a-a1-4b-s1|RUNNING|58:20|90|N/A;1050|kevin|q2s1a-a1-4b-s1|RUNNING|58:20|32|gres:gpu:h100:1;
2026-10-10T00:35:04Z 1048|kevin|s1a-a1-4b-s1|RUNNING|58:35|90|N/A;1050|kevin|q2s1a-a1-4b-s1|RUNNING|58:35|32|gres:gpu:h100:1;
2026-10-10T00:35:19Z 1048|kevin|s1a-a1-4b-s1|RUNNING|58:50|90|N/A;1050|kevin|q2s1a-a1-4b-s1|RUNNING|58:50|32|gres:gpu:h100:1;
2026-10-10T00:35:34Z 1048|kevin|s1a-a1-4b-s1|RUNNING|59:05|90|N/A;1050|kevin|q2s1a-a1-4b-s1|RUNNING|59:05|32|gres:gpu:h100:1;
2026-10-10T00:35:49Z 1048|kevin|s1a-a1-4b-s1|RUNNING|59:20|90|N/A;1050|kevin|q2s1a-a1-4b-s1|RUNNING|59:20|32|gres:gpu:h100:1;
2026-10-10T00:36:04Z 1048|kevin|s1a-a1-4b-s1|RUNNING|59:35|90|N/A;1050|kevin|q2s1a-a1-4b-s1|RUNNING|59:35|32|gres:gpu:h100:1;
2026-10-10T00:36:19Z 1048|kevin|s1a-a1-4b-s1|RUNNING|59:51|90|N/A;1050|kevin|q2s1a-a1-4b-s1|RUNNING|59:51|32|gres:gpu:h100:1;
2026-10-10T00:36:35Z 1048|kevin|s1a-a1-4b-s1|RUNNING|1:00:06|90|N/A;1050|kevin|q2s1a-a1-4b-s1|RUNNING|1:00:06|32|gres:gpu:h100:1;
2026-10-10T00:36:50Z 1048|kevin|s1a-a1-4b-s1|RUNNING|1:00:21|90|N/A;1050|kevin|q2s1a-a1-4b-s1|RUNNING|1:00:21|32|gres:gpu:h100:1;
2026-10-10T00:37:05Z 1048|kevin|s1a-a1-4b-s1|RUNNING|1:00:36|90|N/A;1050|kevin|q2s1a-a1-4b-s1|RUNNING|1:00:36|32|gres:gpu:h100:1;
2026-10-10T00:37:20Z 1048|kevin|s1a-a1-4b-s1|RUNNING|1:00:51|90|N/A;1050|kevin|q2s1a-a1-4b-s1|RUNNING|1:00:51|32|gres:gpu:h100:1;
2026-10-10T00:37:35Z 1048|kevin|s1a-a1-4b-s1|RUNNING|1:01:06|90|N/A;1050|kevin|q2s1a-a1-4b-s1|RUNNING|1:01:06|32|gres:gpu:h100:1;
2026-10-10T00:37:50Z 1048|kevin|s1a-a1-4b-s1|RUNNING|1:01:21|90|N/A;1050|kevin|q2s1a-a1-4b-s1|RUNNING|1:01:21|32|gres:gpu:h100:1;
2026-10-10T00:38:05Z 1048|kevin|s1a-a1-4b-s1|RUNNING|1:01:36|90|N/A;1050|kevin|q2s1a-a1-4b-s1|RUNNING|1:01:36|32|gres:gpu:h100:1;
2026-10-10T00:38:20Z 1048|kevin|s1a-a1-4b-s1|RUNNING|1:01:51|90|N/A;1050|kevin|q2s1a-a1-4b-s1|RUNNING|1:01:51|32|gres:gpu:h100:1;
2026-10-10T00:38:35Z 1048|kevin|s1a-a1-4b-s1|RUNNING|1:02:06|90|N/A;1050|kevin|q2s1a-a1-4b-s1|RUNNING|1:02:06|32|gres:gpu:h100:1;
2026-10-10T00:38:50Z 1048|kevin|s1a-a1-4b-s1|RUNNING|1:02:21|90|N/A;1050|kevin|q2s1a-a1-4b-s1|RUNNING|1:02:21|32|gres:gpu:h100:1;
2026-10-10T00:39:05Z 1048|kevin|s1a-a1-4b-s1|RUNNING|1:02:36|90|N/A;1050|kevin|q2s1a-a1-4b-s1|RUNNING|1:02:36|32|gres:gpu:h100:1;
2026-10-10T00:39:20Z 1048|kevin|s1a-a1-4b-s1|RUNNING|1:02:51|90|N/A;1050|kevin|q2s1a-a1-4b-s1|RUNNING|1:02:51|32|gres:gpu:h100:1;
2026-10-10T00:39:35Z 1048|kevin|s1a-a1-4b-s1|RUNNING|1:03:06|90|N/A;1050|kevin|q2s1a-a1-4b-s1|RUNNING|1:03:06|32|gres:gpu:h100:1;
2026-10-10T00:39:50Z 1048|kevin|s1a-a1-4b-s1|RUNNING|1:03:21|90|N/A;1050|kevin|q2s1a-a1-4b-s1|RUNNING|1:03:21|32|gres:gpu:h100:1;
2026-10-10T00:40:05Z 1048|kevin|s1a-a1-4b-s1|RUNNING|1:03:36|90|N/A;1050|kevin|q2s1a-a1-4b-s1|RUNNING|1:03:36|32|gres:gpu:h100:1;
2026-10-10T00:40:20Z 1048|kevin|s1a-a1-4b-s1|RUNNING|1:03:51|90|N/A;1050|kevin|q2s1a-a1-4b-s1|RUNNING|1:03:51|32|gres:gpu:h100:1;
2026-10-10T00:40:35Z 1048|kevin|s1a-a1-4b-s1|RUNNING|1:04:06|90|N/A;1050|kevin|q2s1a-a1-4b-s1|RUNNING|1:04:06|32|gres:gpu:h100:1;
2026-10-10T00:40:50Z 1048|kevin|s1a-a1-4b-s1|RUNNING|1:04:21|90|N/A;1050|kevin|q2s1a-a1-4b-s1|RUNNING|1:04:21|32|gres:gpu:h100:1;
2026-10-10T00:41:05Z 1048|kevin|s1a-a1-4b-s1|RUNNING|1:04:36|90|N/A;1050|kevin|q2s1a-a1-4b-s1|RUNNING|1:04:36|32|gres:gpu:h100:1;
2026-10-10T00:41:20Z 1048|kevin|s1a-a1-4b-s1|RUNNING|1:04:51|90|N/A;1050|kevin|q2s1a-a1-4b-s1|RUNNING|1:04:51|32|gres:gpu:h100:1;
2026-10-10T00:41:35Z 1048|kevin|s1a-a1-4b-s1|RUNNING|1:05:06|90|N/A;1050|kevin|q2s1a-a1-4b-s1|RUNNING|1:05:06|32|gres:gpu:h100:1;
2026-10-10T00:41:50Z 1048|kevin|s1a-a1-4b-s1|RUNNING|1:05:21|90|N/A;1050|kevin|q2s1a-a1-4b-s1|RUNNING|1:05:21|32|gres:gpu:h100:1;
2026-10-10T00:42:05Z 1048|kevin|s1a-a1-4b-s1|RUNNING|1:05:36|90|N/A;1050|kevin|q2s1a-a1-4b-s1|RUNNING|1:05:36|32|gres:gpu:h100:1;
2026-10-10T00:42:20Z 1048|kevin|s1a-a1-4b-s1|RUNNING|1:05:51|90|N/A;1050|kevin|q2s1a-a1-4b-s1|RUNNING|1:05:51|32|gres:gpu:h100:1;
2026-10-10T00:42:35Z 1048|kevin|s1a-a1-4b-s1|RUNNING|1:06:06|90|N/A;1050|kevin|q2s1a-a1-4b-s1|RUNNING|1:06:06|32|gres:gpu:h100:1;
2026-10-10T00:42:50Z 1048|kevin|s1a-a1-4b-s1|RUNNING|1:06:21|90|N/A;1050|kevin|q2s1a-a1-4b-s1|RUNNING|1:06:21|32|gres:gpu:h100:1;
2026-10-10T00:43:05Z 1048|kevin|s1a-a1-4b-s1|RUNNING|1:06:36|90|N/A;1050|kevin|q2s1a-a1-4b-s1|RUNNING|1:06:36|32|gres:gpu:h100:1;
2026-10-10T00:43:20Z 1048|kevin|s1a-a1-4b-s1|RUNNING|1:06:51|90|N/A;1050|kevin|q2s1a-a1-4b-s1|RUNNING|1:06:51|32|gres:gpu:h100:1;
2026-10-10T00:43:35Z 1048|kevin|s1a-a1-4b-s1|RUNNING|1:07:06|90|N/A;1050|kevin|q2s1a-a1-4b-s1|RUNNING|1:07:06|32|gres:gpu:h100:1;
2026-10-10T00:43:50Z 1048|kevin|s1a-a1-4b-s1|RUNNING|1:07:21|90|N/A;1050|kevin|q2s1a-a1-4b-s1|RUNNING|1:07:21|32|gres:gpu:h100:1;
2026-10-10T00:44:05Z 1048|kevin|s1a-a1-4b-s1|RUNNING|1:07:36|90|N/A;1050|kevin|q2s1a-a1-4b-s1|RUNNING|1:07:36|32|gres:gpu:h100:1;
2026-10-10T00:44:20Z 1048|kevin|s1a-a1-4b-s1|RUNNING|1:07:51|90|N/A;1050|kevin|q2s1a-a1-4b-s1|RUNNING|1:07:51|32|gres:gpu:h100:1;
2026-10-10T00:44:35Z 1048|kevin|s1a-a1-4b-s1|RUNNING|1:08:06|90|N/A;1050|kevin|q2s1a-a1-4b-s1|RUNNING|1:08:06|32|gres:gpu:h100:1;
2026-10-10T00:44:50Z 1048|kevin|s1a-a1-4b-s1|RUNNING|1:08:21|90|N/A;1050|kevin|q2s1a-a1-4b-s1|RUNNING|1:08:21|32|gres:gpu:h100:1;
2026-10-10T00:45:05Z 1048|kevin|s1a-a1-4b-s1|RUNNING|1:08:36|90|N/A;1050|kevin|q2s1a-a1-4b-s1|RUNNING|1:08:36|32|gres:gpu:h100:1;
2026-10-10T00:45:20Z 1048|kevin|s1a-a1-4b-s1|RUNNING|1:08:51|90|N/A;
2026-10-10T00:45:35Z 
