state 2026-10-07T22:07:27.412Z PENDING
state 2026-10-07T22:07:28.426Z RUNNING
state 2026-10-07T22:08:41.292Z COMPLETED
terminal job=653 state=COMPLETED detected_at=2026-10-07T22:08:41.293Z
-- sample 0 at 2026-10-07T22:08:41.295Z
compute-apps: 
gpu-memory: 0, 0 MiB;1, 0 MiB;2, 0 MiB;3, 0 MiB;4, 0 MiB;5, 0 MiB;6, 0 MiB;7, 0 MiB;
permission denied while trying to connect to the Docker daemon socket at unix:///var/run/docker.sock: Get "http://%2Fvar%2Frun%2Fdocker.sock/v1.51/containers/json?all=1&filters=%7B%22name%22%3A%7B%22cotcodec-653%22%3Atrue%7D%7D": dial unix /var/run/docker.sock: connect: permission denied
docker: 
-- sample 1 at 2026-10-07T22:08:42.561Z
compute-apps: 
gpu-memory: 0, 0 MiB;1, 0 MiB;2, 0 MiB;3, 0 MiB;4, 0 MiB;5, 0 MiB;6, 0 MiB;7, 0 MiB;
permission denied while trying to connect to the Docker daemon socket at unix:///var/run/docker.sock: Get "http://%2Fvar%2Frun%2Fdocker.sock/v1.51/containers/json?all=1&filters=%7B%22name%22%3A%7B%22cotcodec-653%22%3Atrue%7D%7D": dial unix /var/run/docker.sock: connect: permission denied
docker: 
-- sample 2 at 2026-10-07T22:08:43.828Z
compute-apps: 
gpu-memory: 0, 0 MiB;1, 0 MiB;2, 0 MiB;3, 0 MiB;4, 0 MiB;5, 0 MiB;6, 0 MiB;7, 0 MiB;
permission denied while trying to connect to the Docker daemon socket at unix:///var/run/docker.sock: Get "http://%2Fvar%2Frun%2Fdocker.sock/v1.51/containers/json?all=1&filters=%7B%22name%22%3A%7B%22cotcodec-653%22%3Atrue%7D%7D": dial unix /var/run/docker.sock: connect: permission denied
docker: 
-- sample 3 at 2026-10-07T22:08:45.099Z
compute-apps: 
gpu-memory: 0, 0 MiB;1, 0 MiB;2, 0 MiB;3, 0 MiB;4, 0 MiB;5, 0 MiB;6, 0 MiB;7, 0 MiB;
permission denied while trying to connect to the Docker daemon socket at unix:///var/run/docker.sock: Get "http://%2Fvar%2Frun%2Fdocker.sock/v1.51/containers/json?all=1&filters=%7B%22name%22%3A%7B%22cotcodec-653%22%3Atrue%7D%7D": dial unix /var/run/docker.sock: connect: permission denied
docker: 
-- sample 4 at 2026-10-07T22:08:46.367Z
compute-apps: 
gpu-memory: 0, 0 MiB;1, 0 MiB;2, 0 MiB;3, 0 MiB;4, 0 MiB;5, 0 MiB;6, 0 MiB;7, 0 MiB;
permission denied while trying to connect to the Docker daemon socket at unix:///var/run/docker.sock: Get "http://%2Fvar%2Frun%2Fdocker.sock/v1.51/containers/json?all=1&filters=%7B%22name%22%3A%7B%22cotcodec-653%22%3Atrue%7D%7D": dial unix /var/run/docker.sock: connect: permission denied
docker: 
-- sample 5 at 2026-10-07T22:08:47.633Z
compute-apps: 
gpu-memory: 0, 0 MiB;1, 0 MiB;2, 0 MiB;3, 0 MiB;4, 0 MiB;5, 0 MiB;6, 0 MiB;7, 0 MiB;
permission denied while trying to connect to the Docker daemon socket at unix:///var/run/docker.sock: Get "http://%2Fvar%2Frun%2Fdocker.sock/v1.51/containers/json?all=1&filters=%7B%22name%22%3A%7B%22cotcodec-653%22%3Atrue%7D%7D": dial unix /var/run/docker.sock: connect: permission denied
docker: 
-- sample 6 at 2026-10-07T22:08:48.898Z
compute-apps: 
gpu-memory: 0, 0 MiB;1, 0 MiB;2, 0 MiB;3, 0 MiB;4, 0 MiB;5, 0 MiB;6, 0 MiB;7, 0 MiB;
permission denied while trying to connect to the Docker daemon socket at unix:///var/run/docker.sock: Get "http://%2Fvar%2Frun%2Fdocker.sock/v1.51/containers/json?all=1&filters=%7B%22name%22%3A%7B%22cotcodec-653%22%3Atrue%7D%7D": dial unix /var/run/docker.sock: connect: permission denied
docker: 
-- sample 7 at 2026-10-07T22:08:50.170Z
compute-apps: 
gpu-memory: 0, 0 MiB;1, 0 MiB;2, 0 MiB;3, 0 MiB;4, 0 MiB;5, 0 MiB;6, 0 MiB;7, 0 MiB;
permission denied while trying to connect to the Docker daemon socket at unix:///var/run/docker.sock: Get "http://%2Fvar%2Frun%2Fdocker.sock/v1.51/containers/json?all=1&filters=%7B%22name%22%3A%7B%22cotcodec-653%22%3Atrue%7D%7D": dial unix /var/run/docker.sock: connect: permission denied
docker: 
-- sample 8 at 2026-10-07T22:08:51.438Z
compute-apps: 
gpu-memory: 0, 0 MiB;1, 0 MiB;2, 0 MiB;3, 0 MiB;4, 0 MiB;5, 0 MiB;6, 0 MiB;7, 0 MiB;
permission denied while trying to connect to the Docker daemon socket at unix:///var/run/docker.sock: Get "http://%2Fvar%2Frun%2Fdocker.sock/v1.51/containers/json?all=1&filters=%7B%22name%22%3A%7B%22cotcodec-653%22%3Atrue%7D%7D": dial unix /var/run/docker.sock: connect: permission denied
docker: 
-- sample 9 at 2026-10-07T22:08:52.708Z
compute-apps: 
gpu-memory: 0, 0 MiB;1, 0 MiB;2, 0 MiB;3, 0 MiB;4, 0 MiB;5, 0 MiB;6, 0 MiB;7, 0 MiB;
permission denied while trying to connect to the Docker daemon socket at unix:///var/run/docker.sock: Get "http://%2Fvar%2Frun%2Fdocker.sock/v1.51/containers/json?all=1&filters=%7B%22name%22%3A%7B%22cotcodec-653%22%3Atrue%7D%7D": dial unix /var/run/docker.sock: connect: permission denied
docker: 
-- sample 10 at 2026-10-07T22:08:53.975Z
compute-apps: 
gpu-memory: 0, 0 MiB;1, 0 MiB;2, 0 MiB;3, 0 MiB;4, 0 MiB;5, 0 MiB;6, 0 MiB;7, 0 MiB;
permission denied while trying to connect to the Docker daemon socket at unix:///var/run/docker.sock: Get "http://%2Fvar%2Frun%2Fdocker.sock/v1.51/containers/json?all=1&filters=%7B%22name%22%3A%7B%22cotcodec-653%22%3Atrue%7D%7D": dial unix /var/run/docker.sock: connect: permission denied
docker: 
-- sample 11 at 2026-10-07T22:08:55.243Z
compute-apps: 
gpu-memory: 0, 0 MiB;1, 0 MiB;2, 0 MiB;3, 0 MiB;4, 0 MiB;5, 0 MiB;6, 0 MiB;7, 0 MiB;
permission denied while trying to connect to the Docker daemon socket at unix:///var/run/docker.sock: Get "http://%2Fvar%2Frun%2Fdocker.sock/v1.51/containers/json?all=1&filters=%7B%22name%22%3A%7B%22cotcodec-653%22%3Atrue%7D%7D": dial unix /var/run/docker.sock: connect: permission denied
docker: 
-- sample 12 at 2026-10-07T22:08:56.513Z
compute-apps: 
gpu-memory: 0, 0 MiB;1, 0 MiB;2, 0 MiB;3, 0 MiB;4, 0 MiB;5, 0 MiB;6, 0 MiB;7, 0 MiB;
permission denied while trying to connect to the Docker daemon socket at unix:///var/run/docker.sock: Get "http://%2Fvar%2Frun%2Fdocker.sock/v1.51/containers/json?all=1&filters=%7B%22name%22%3A%7B%22cotcodec-653%22%3Atrue%7D%7D": dial unix /var/run/docker.sock: connect: permission denied
docker: 
-- sample 13 at 2026-10-07T22:08:57.780Z
compute-apps: 
gpu-memory: 0, 0 MiB;1, 0 MiB;2, 0 MiB;3, 0 MiB;4, 0 MiB;5, 0 MiB;6, 0 MiB;7, 0 MiB;
permission denied while trying to connect to the Docker daemon socket at unix:///var/run/docker.sock: Get "http://%2Fvar%2Frun%2Fdocker.sock/v1.51/containers/json?all=1&filters=%7B%22name%22%3A%7B%22cotcodec-653%22%3Atrue%7D%7D": dial unix /var/run/docker.sock: connect: permission denied
docker: 
-- sample 14 at 2026-10-07T22:08:59.052Z
compute-apps: 
gpu-memory: 0, 0 MiB;1, 0 MiB;2, 0 MiB;3, 0 MiB;4, 0 MiB;5, 0 MiB;6, 0 MiB;7, 0 MiB;
permission denied while trying to connect to the Docker daemon socket at unix:///var/run/docker.sock: Get "http://%2Fvar%2Frun%2Fdocker.sock/v1.51/containers/json?all=1&filters=%7B%22name%22%3A%7B%22cotcodec-653%22%3Atrue%7D%7D": dial unix /var/run/docker.sock: connect: permission denied
docker: 
-- sample 15 at 2026-10-07T22:09:00.319Z
compute-apps: 
gpu-memory: 0, 0 MiB;1, 0 MiB;2, 0 MiB;3, 0 MiB;4, 0 MiB;5, 0 MiB;6, 0 MiB;7, 0 MiB;
permission denied while trying to connect to the Docker daemon socket at unix:///var/run/docker.sock: Get "http://%2Fvar%2Frun%2Fdocker.sock/v1.51/containers/json?all=1&filters=%7B%22name%22%3A%7B%22cotcodec-653%22%3Atrue%7D%7D": dial unix /var/run/docker.sock: connect: permission denied
docker: 
-- sample 16 at 2026-10-07T22:09:01.588Z
compute-apps: 
gpu-memory: 0, 0 MiB;1, 0 MiB;2, 0 MiB;3, 0 MiB;4, 0 MiB;5, 0 MiB;6, 0 MiB;7, 0 MiB;
permission denied while trying to connect to the Docker daemon socket at unix:///var/run/docker.sock: Get "http://%2Fvar%2Frun%2Fdocker.sock/v1.51/containers/json?all=1&filters=%7B%22name%22%3A%7B%22cotcodec-653%22%3Atrue%7D%7D": dial unix /var/run/docker.sock: connect: permission denied
docker: 
-- sample 17 at 2026-10-07T22:09:02.855Z
compute-apps: 
gpu-memory: 0, 0 MiB;1, 0 MiB;2, 0 MiB;3, 0 MiB;4, 0 MiB;5, 0 MiB;6, 0 MiB;7, 0 MiB;
permission denied while trying to connect to the Docker daemon socket at unix:///var/run/docker.sock: Get "http://%2Fvar%2Frun%2Fdocker.sock/v1.51/containers/json?all=1&filters=%7B%22name%22%3A%7B%22cotcodec-653%22%3Atrue%7D%7D": dial unix /var/run/docker.sock: connect: permission denied
docker: 
-- sample 18 at 2026-10-07T22:09:04.126Z
compute-apps: 
gpu-memory: 0, 0 MiB;1, 0 MiB;2, 0 MiB;3, 0 MiB;4, 0 MiB;5, 0 MiB;6, 0 MiB;7, 0 MiB;
permission denied while trying to connect to the Docker daemon socket at unix:///var/run/docker.sock: Get "http://%2Fvar%2Frun%2Fdocker.sock/v1.51/containers/json?all=1&filters=%7B%22name%22%3A%7B%22cotcodec-653%22%3Atrue%7D%7D": dial unix /var/run/docker.sock: connect: permission denied
docker: 
-- sample 19 at 2026-10-07T22:09:05.393Z
compute-apps: 
gpu-memory: 0, 0 MiB;1, 0 MiB;2, 0 MiB;3, 0 MiB;4, 0 MiB;5, 0 MiB;6, 0 MiB;7, 0 MiB;
permission denied while trying to connect to the Docker daemon socket at unix:///var/run/docker.sock: Get "http://%2Fvar%2Frun%2Fdocker.sock/v1.51/containers/json?all=1&filters=%7B%22name%22%3A%7B%22cotcodec-653%22%3Atrue%7D%7D": dial unix /var/run/docker.sock: connect: permission denied
docker: 
-- sample 20 at 2026-10-07T22:09:06.669Z
compute-apps: 
gpu-memory: 0, 0 MiB;1, 0 MiB;2, 0 MiB;3, 0 MiB;4, 0 MiB;5, 0 MiB;6, 0 MiB;7, 0 MiB;
permission denied while trying to connect to the Docker daemon socket at unix:///var/run/docker.sock: Get "http://%2Fvar%2Frun%2Fdocker.sock/v1.51/containers/json?all=1&filters=%7B%22name%22%3A%7B%22cotcodec-653%22%3Atrue%7D%7D": dial unix /var/run/docker.sock: connect: permission denied
docker: 
done 2026-10-07T22:09:07.943Z
