[anchor] base_only=True: cells=128 mean p=0.293 share p==0 0.59 share p==1 0.20 mean p(1-p)=0.0586 (pairwise discordance ~ 0.117)
[anchor] base_only=False: cells=452 mean p=0.301 share p==0 0.60 share p==1 0.21 mean p(1-p)=0.0516 (pairwise discordance ~ 0.103)

Power of the paired, task-clustered t test (rows: design K tasks x n episodes per task-locale cell).
alpha two-sided 0.05 (one contrast) / 0.025 (Bonferroni over glyph and mirror contrasts). 4000 reps per cell, seeds 42/43/44 averaged.

== effect model: logit_uniform, sigma_tau^2=0.0
K   n  | d=-0.05 a.05 / a.025 | d=-0.08 a.05 / a.025 | d=-0.10 a.05 / a.025 | d=-0.15 a.05 / a.025
18  8  |          0.25 / 0.10 |          0.50 / 0.26 |          0.65 / 0.40 |          0.89 / 0.72
18  24 |          0.50 / 0.26 |          0.72 / 0.45 |          0.83 / 0.59 |          0.95 / 0.84
18  64 |          0.67 / 0.39 |          0.81 / 0.55 |          0.89 / 0.67 |          0.96 / 0.87
36  8  |          0.65 / 0.46 |          0.94 / 0.85 |          0.98 / 0.95 |          1.00 / 1.00
36  24 |          0.94 / 0.86 |          1.00 / 0.98 |          1.00 / 0.99 |          1.00 / 1.00
54  8  |          0.86 / 0.74 |          0.99 / 0.98 |          1.00 / 1.00 |          1.00 / 1.00
113 4  |          0.92 / 0.86 |          1.00 / 1.00 |          1.00 / 1.00 |          1.00 / 1.00

== effect model: additive_hetero, sigma_tau^2=0.005
K   n  | d=-0.05 a.05 / a.025 | d=-0.08 a.05 / a.025 | d=-0.10 a.05 / a.025 | d=-0.15 a.05 / a.025
18  8  |          0.08 / 0.04 |          0.18 / 0.08 |          0.26 / 0.13 |          0.47 / 0.29
18  24 |          0.14 / 0.07 |          0.37 / 0.22 |          0.52 / 0.34 |          0.80 / 0.63
18  64 |          0.21 / 0.12 |          0.53 / 0.36 |          0.73 / 0.56 |          0.94 / 0.83
36  8  |          0.14 / 0.08 |          0.37 / 0.25 |          0.53 / 0.40 |          0.83 / 0.74
36  24 |          0.27 / 0.18 |          0.69 / 0.56 |          0.87 / 0.77 |          0.99 / 0.98
54  8  |          0.21 / 0.13 |          0.52 / 0.39 |          0.72 / 0.60 |          0.96 / 0.91
113 4  |          0.24 / 0.16 |          0.58 / 0.46 |          0.77 / 0.69 |          0.98 / 0.96

== effect model: additive_hetero, sigma_tau^2=0.0117
K   n  | d=-0.05 a.05 / a.025 | d=-0.08 a.05 / a.025 | d=-0.10 a.05 / a.025 | d=-0.15 a.05 / a.025
18  8  |          0.05 / 0.02 |          0.11 / 0.05 |          0.18 / 0.08 |          0.39 / 0.22
18  24 |          0.07 / 0.03 |          0.18 / 0.10 |          0.30 / 0.17 |          0.63 / 0.43
18  64 |          0.08 / 0.03 |          0.24 / 0.13 |          0.37 / 0.24 |          0.75 / 0.57
36  8  |          0.09 / 0.04 |          0.22 / 0.13 |          0.37 / 0.25 |          0.73 / 0.59
36  24 |          0.12 / 0.06 |          0.38 / 0.26 |          0.60 / 0.46 |          0.94 / 0.88
54  8  |          0.11 / 0.06 |          0.33 / 0.22 |          0.53 / 0.40 |          0.89 / 0.81
113 4  |          0.12 / 0.07 |          0.40 / 0.29 |          0.64 / 0.52 |          0.95 / 0.91

== effect model: concentrated, sigma_tau^2=0.0
K   n  | d=-0.05 a.05 / a.025 | d=-0.08 a.05 / a.025 | d=-0.10 a.05 / a.025 | d=-0.15 a.05 / a.025
18  8  |          0.03 / 0.00 |          0.06 / 0.01 |          0.10 / 0.02 |          0.27 / 0.09
18  24 |          0.02 / 0.00 |          0.04 / 0.01 |          0.08 / 0.02 |          0.29 / 0.09
18  64 |          0.02 / 0.01 |          0.04 / 0.01 |          0.08 / 0.02 |          0.28 / 0.08
36  8  |          0.13 / 0.04 |          0.32 / 0.15 |          0.48 / 0.28 |          0.83 / 0.67
36  24 |          0.12 / 0.03 |          0.34 / 0.15 |          0.54 / 0.30 |          0.88 / 0.74
54  8  |          0.28 / 0.14 |          0.60 / 0.40 |          0.77 / 0.61 |          0.97 / 0.93
113 4  |          0.55 / 0.40 |          0.88 / 0.79 |          0.97 / 0.93 |          1.00 / 1.00
